Component: ARM Compiler 5.06 update 3 (build 300) Tool: armlink [4d35c9]

==============================================================================

Small function inlining results

Inlined total of 0 calls.

==============================================================================

Memory Map of the image

  Image Entry point : 0x000000d5

  Load Region LR_IROM1 (Base: 0x00000000, Size: 0x000051e4, Max: 0x00020000, ABSOLUTE)

    Execution Region ER_IROM1 (Base: 0x00000000, Size: 0x0000503c, Max: 0x00020000, ABSOLUTE)

    Base Addr    Size         Type   Attr      Idx    E Section Name        Object

    0x00000000   0x000000c0   Data   RO          506    RESET               startup_nuc230_240.o
    0x000000c0   0x00000000   Code   RO         5178  * .ARM.Collect$$$$00000000  mc_p.l(entry.o)
    0x000000c0   0x00000004   Code   RO         5462    .ARM.Collect$$$$00000001  mc_p.l(entry2.o)
    0x000000c4   0x00000004   Code   RO         5465    .ARM.Collect$$$$00000004  mc_p.l(entry5.o)
    0x000000c8   0x00000000   Code   RO         5467    .ARM.Collect$$$$00000008  mc_p.l(entry7b.o)
    0x000000c8   0x00000000   Code   RO         5469    .ARM.Collect$$$$0000000A  mc_p.l(entry8b.o)
    0x000000c8   0x00000008   Code   RO         5470    .ARM.Collect$$$$0000000B  mc_p.l(entry9a.o)
    0x000000d0   0x00000000   Code   RO         5472    .ARM.Collect$$$$0000000D  mc_p.l(entry10a.o)
    0x000000d0   0x00000000   Code   RO         5474    .ARM.Collect$$$$0000000F  mc_p.l(entry11a.o)
    0x000000d0   0x00000004   Code   RO         5463    .ARM.Collect$$$$00002712  mc_p.l(entry2.o)
    0x000000d4   0x0000004c   Code   RO          507  * .text               startup_nuc230_240.o
    0x00000120   0x000000d8   Code   RO         3603    .text               context_rvds.o
    0x000001f8   0x0000002c   Code   RO         5179    .text               mc_p.l(uidiv.o)
    0x00000224   0x00000060   Code   RO         5477    .text               mc_p.l(uldiv.o)
    0x00000284   0x00000024   Code   RO         5499    .text               mc_p.l(init.o)
    0x000002a8   0x00000020   Code   RO         5501    .text               mc_p.l(llshl.o)
    0x000002c8   0x00000022   Code   RO         5503    .text               mc_p.l(llushr.o)
    0x000002ea   0x00000002   PAD
    0x000002ec   0x00000030   Code   RO          782    i.CLK_EnableModuleClock  clk.o
    0x0000031c   0x00000198   Code   RO          783    i.CLK_EnablePLL     clk.o
    0x000004b4   0x00000010   Code   RO          785    i.CLK_EnableXtalRC  clk.o
    0x000004c4   0x00000058   Code   RO         2181    i.CLK_GetPLLClockFreq  uart.o
    0x0000051c   0x000000d0   Code   RO          793    i.CLK_SetCoreClock  clk.o
    0x000005ec   0x00000048   Code   RO          794    i.CLK_SetHCLK       clk.o
    0x00000634   0x000000cc   Code   RO          795    i.CLK_SetModuleClock  clk.o
    0x00000700   0x00000014   Code   RO          796    i.CLK_SetSysTickClockSrc  clk.o
    0x00000714   0x0000002c   Code   RO          797    i.CLK_WaitClockReady  clk.o
    0x00000740   0x00000054   Code   RO            3    i.EINT0_IRQHandler  app.o
    0x00000794   0x00000028   Code   RO         1091    i.GPIO_SetMode      gpio.o
    0x000007bc   0x00000064   Code   RO         1123    i.HID_ClassRequest  hid_mousekeyboard.o
    0x00000820   0x00000040   Code   RO         1124    i.HID_Init          hid_mousekeyboard.o
    0x00000860   0x00000044   Code   RO          194    i.NVIC_SetPriority  startup.o
    0x000008a4   0x0000001a   Code   RO         2053    i.SYS_ResetModule   sys.o
    0x000008be   0x00000002   PAD
    0x000008c0   0x00000020   Code   RO          327    i.SendChar_ToUART   usart.o
    0x000008e0   0x00000010   Code   RO          278    i.SysTick_Handler   board.o
    0x000008f0   0x00000090   Code   RO          513    i.SystemCoreClockUpdate  system_nuc230_240.o
    0x00000980   0x00000002   Code   RO          514    i.SystemInit        system_nuc230_240.o
    0x00000982   0x00000002   PAD
    0x00000984   0x00000024   Code   RO          328    i.UART02_IRQHandler  usart.o
    0x000009a8   0x00000038   Code   RO         2182    i.UART_ClearIntFlag  uart.o
    0x000009e0   0x00000030   Code   RO         2185    i.UART_DisableInt   uart.o
    0x00000a10   0x00000030   Code   RO         2187    i.UART_EnableInt    uart.o
    0x00000a40   0x00000088   Code   RO         2188    i.UART_Open         uart.o
    0x00000ac8   0x0000009c   Code   RO         2288    i.USBD_CtrlIn       usbd_1.o
    0x00000b64   0x00000044   Code   RO         2289    i.USBD_CtrlOut      usbd_1.o
    0x00000ba8   0x000000ac   Code   RO         2290    i.USBD_GetDescriptor  usbd_1.o
    0x00000c54   0x00000010   Code   RO         2291    i.USBD_GetSetupPacket  usbd_1.o
    0x00000c64   0x000000f0   Code   RO         1127    i.USBD_IRQHandler   hid_mousekeyboard.o
    0x00000d54   0x00000010   Code   RO         2293    i.USBD_MemCopy      usbd_1.o
    0x00000d64   0x0000002c   Code   RO         2294    i.USBD_Open         usbd_1.o
    0x00000d90   0x00000064   Code   RO         2295    i.USBD_PrepareCtrlIn  usbd_1.o
    0x00000df4   0x0000001c   Code   RO         2296    i.USBD_PrepareCtrlOut  usbd_1.o
    0x00000e10   0x00000054   Code   RO         2297    i.USBD_ProcessSetupPacket  usbd_1.o
    0x00000e64   0x00000030   Code   RO         1128    i.USBD_SetStall     hid_mousekeyboard.o
    0x00000e94   0x000001d4   Code   RO         2300    i.USBD_StandardRequest  usbd_1.o
    0x00001068   0x00000048   Code   RO         2301    i.USBD_Start        usbd_1.o
    0x000010b0   0x00000040   Code   RO         2302    i.USBD_SwReset      usbd_1.o
    0x000010f0   0x00000034   Code   RO          195    i.USB_Init          startup.o
    0x00001124   0x00000020   Code   RO         5330    i.__0printf$5       mc_p.l(printf5.o)
    0x00001144   0x00000040   Code   RO         2888    i.__rt_ffs          kservice.o
    0x00001184   0x0000000e   Code   RO         5545    i.__scatterload_copy  mc_p.l(handlers.o)
    0x00001192   0x00000002   Code   RO         5546    i.__scatterload_null  mc_p.l(handlers.o)
    0x00001194   0x0000000e   Code   RO         5547    i.__scatterload_zeroinit  mc_p.l(handlers.o)
    0x000011a2   0x00000002   PAD
    0x000011a4   0x00000014   Code   RO         2557    i._has_defunct_thread  idle.o
    0x000011b8   0x0000015c   Code   RO         4065    i._list_thread      cmd.o
    0x00001314   0x000002dc   Code   RO         5337    i._printf_core      mc_p.l(printf5.o)
    0x000015f0   0x000000d0   Code   RO         3349    i._rt_thread_init   thread.o
    0x000016c0   0x00000026   Code   RO         3464    i._rt_timer_init    src_timer.o
    0x000016e6   0x00000022   Code   RO         3465    i._rt_timer_remove  src_timer.o
    0x00001708   0x00000178   Code   RO         3641    i._serial_dma_rx    serial.o
    0x00001880   0x0000008c   Code   RO         3642    i._serial_int_rx    serial.o
    0x0000190c   0x0000000c   Code   RO          329    i.fputc             usart.o
    0x00001918   0x00000010   Code   RO         4077    i.list_thread       cmd.o
    0x00001928   0x0000000e   Code   RO          197    i.main              startup.o
    0x00001936   0x00000002   PAD
    0x00001938   0x00000058   Code   RO          330    i.nuc240_configure  usart.o
    0x00001990   0x0000001e   Code   RO          331    i.nuc240_control    usart.o
    0x000019ae   0x00000012   Code   RO          332    i.nuc240_getc       usart.o
    0x000019c0   0x00000014   Code   RO          333    i.nuc240_putc       usart.o
    0x000019d4   0x00000034   Code   RO         4079    i.object_name_maxlen  cmd.o
    0x00001a08   0x00000018   Code   RO         4080    i.object_split      cmd.o
    0x00001a20   0x000000ec   Code   RO         3091    i.plug_holes        mem.o
    0x00001b0c   0x00000134   Code   RO         2890    i.print_number      kservice.o
    0x00001c40   0x00000058   Code   RO            4    i.printf_test3      app.o
    0x00001c98   0x00000088   Code   RO            5    i.rt_application_init  app.o
    0x00001d20   0x00000068   Code   RO         2891    i.rt_assert_handler  kservice.o
    0x00001d88   0x00000040   Code   RO         3716    i.rt_completion_init  completion.o
    0x00001dc8   0x00000134   Code   RO         3717    i.rt_completion_wait  completion.o
    0x00001efc   0x0000001c   Code   RO         5134    i.rt_components_board_init  components.o
    0x00001f18   0x0000002c   Code   RO         2894    i.rt_console_set_device  kservice.o
    0x00001f44   0x00000060   Code   RO         3745    i.rt_data_queue_init  dataqueue.o
    0x00001fa4   0x00000150   Code   RO         3748    i.rt_data_queue_push  dataqueue.o
    0x000020f4   0x0000005c   Code   RO         2477    i.rt_device_close   device.o
    0x00002150   0x00000054   Code   RO         2479    i.rt_device_find    device.o
    0x000021a4   0x000000e4   Code   RO         2482    i.rt_device_open    device.o
    0x00002288   0x00000034   Code   RO         2484    i.rt_device_register  device.o
    0x000022bc   0x00000058   Code   RO         2488    i.rt_device_write   device.o
    0x00002314   0x00000058   Code   RO         3643    i.rt_dma_calc_recved_len  serial.o
    0x0000236c   0x00000084   Code   RO         3644    i.rt_dma_recv_update_get_index  serial.o
    0x000023f0   0x00000018   Code   RO         3287    i.rt_enter_critical  scheduler.o
    0x00002408   0x0000002c   Code   RO         3288    i.rt_exit_critical  scheduler.o
    0x00002434   0x00000158   Code   RO         3093    i.rt_free           mem.o
    0x0000258c   0x0000005c   Code   RO          279    i.rt_hw_board_init  board.o
    0x000025e8   0x00000002   Code   RO         2897    i.rt_hw_console_output  kservice.o
    0x000025ea   0x00000002   PAD
    0x000025ec   0x000000f4   Code   RO         3579    i.rt_hw_hard_fault_exception  cpuport.o
    0x000026e0   0x00000014   Code   RO          432    i.rt_hw_led_init    led.o
    0x000026f4   0x0000000c   Code   RO          434    i.rt_hw_led_on      led.o
    0x00002700   0x00000078   Code   RO         3647    i.rt_hw_serial_register  serial.o
    0x00002778   0x00000038   Code   RO         3580    i.rt_hw_stack_init  cpuport.o
    0x000027b0   0x0000007c   Code   RO          280    i.rt_hw_system_init  board.o
    0x0000282c   0x00000038   Code   RO          334    i.rt_hw_usart_init  usart.o
    0x00002864   0x00000018   Code   RO         2861    i.rt_interrupt_enter  irq.o
    0x0000287c   0x0000000c   Code   RO         2862    i.rt_interrupt_get_nest  irq.o
    0x00002888   0x00000018   Code   RO         2863    i.rt_interrupt_leave  irq.o
    0x000028a0   0x0000000e   Code   RO         2605    i.rt_ipc_list_resume  ipc.o
    0x000028ae   0x0000004e   Code   RO         2607    i.rt_ipc_list_suspend  ipc.o
    0x000028fc   0x0000004c   Code   RO         2898    i.rt_kprintf        kservice.o
    0x00002948   0x0000000e   Code   RO         3215    i.rt_list_insert_after  object.o
    0x00002956   0x0000000e   Code   RO         3350    i.rt_list_insert_after  thread.o
    0x00002964   0x0000000e   Code   RO         3466    i.rt_list_insert_after  src_timer.o
    0x00002972   0x0000000e   Code   RO         2608    i.rt_list_insert_before  ipc.o
    0x00002980   0x0000000e   Code   RO         3750    i.rt_list_insert_before  dataqueue.o
    0x0000298e   0x0000000e   Code   RO         2609    i.rt_list_isempty   ipc.o
    0x0000299c   0x0000000e   Code   RO         3467    i.rt_list_isempty   src_timer.o
    0x000029aa   0x0000000e   Code   RO         3718    i.rt_list_isempty   completion.o
    0x000029b8   0x0000000e   Code   RO         3751    i.rt_list_isempty   dataqueue.o
    0x000029c6   0x00000012   Code   RO         3216    i.rt_list_remove    object.o
    0x000029d8   0x00000012   Code   RO         3351    i.rt_list_remove    thread.o
    0x000029ea   0x00000002   PAD
    0x000029ec   0x000001e4   Code   RO         3094    i.rt_malloc         mem.o
    0x00002bd0   0x00000046   Code   RO         2902    i.rt_memcpy         kservice.o
    0x00002c16   0x00000042   Code   RO         2904    i.rt_memset         kservice.o
    0x00002c58   0x0000009c   Code   RO         3217    i.rt_object_allocate  object.o
    0x00002cf4   0x00000084   Code   RO         3218    i.rt_object_delete  object.o
    0x00002d78   0x00000040   Code   RO         3219    i.rt_object_detach  object.o
    0x00002db8   0x00000038   Code   RO         3222    i.rt_object_init    object.o
    0x00002df0   0x00000038   Code   RO         3223    i.rt_object_is_systemobject  object.o
    0x00002e28   0x00000098   Code   RO         3289    i.rt_schedule       scheduler.o
    0x00002ec0   0x0000006c   Code   RO         3290    i.rt_schedule_insert_thread  scheduler.o
    0x00002f2c   0x00000070   Code   RO         3291    i.rt_schedule_remove_thread  scheduler.o
    0x00002f9c   0x00000044   Code   RO         2637    i.rt_sem_init       ipc.o
    0x00002fe0   0x0000003c   Code   RO         2638    i.rt_sem_release    ipc.o
    0x0000301c   0x00000148   Code   RO         2639    i.rt_sem_take       ipc.o
    0x00003164   0x00000168   Code   RO         3648    i.rt_serial_close   serial.o
    0x000032cc   0x0000008c   Code   RO         3649    i.rt_serial_control  serial.o
    0x00003358   0x00000048   Code   RO         3650    i.rt_serial_init    serial.o
    0x000033a0   0x000001f0   Code   RO         3651    i.rt_serial_open    serial.o
    0x00003590   0x00000098   Code   RO         3652    i.rt_serial_read    serial.o
    0x00003628   0x0000011c   Code   RO         3653    i.rt_serial_write   serial.o
    0x00003744   0x00000024   Code   RO         2905    i.rt_set_errno      kservice.o
    0x00003768   0x000000b0   Code   RO         2906    i.rt_show_version   kservice.o
    0x00003818   0x0000006c   Code   RO         3468    i.rt_soft_timer_check  src_timer.o
    0x00003884   0x00000010   Code   RO         2912    i.rt_strlen         kservice.o
    0x00003894   0x00000024   Code   RO         2913    i.rt_strncmp        kservice.o
    0x000038b8   0x00000028   Code   RO         2914    i.rt_strncpy        kservice.o
    0x000038e0   0x00000100   Code   RO         3097    i.rt_system_heap_init  mem.o
    0x000039e0   0x00000002   Code   RO         3224    i.rt_system_object_init  object.o
    0x000039e2   0x00000002   PAD
    0x000039e4   0x00000034   Code   RO         3292    i.rt_system_scheduler_init  scheduler.o
    0x00003a18   0x00000028   Code   RO         3293    i.rt_system_scheduler_start  scheduler.o
    0x00003a40   0x00000002   Code   RO         2439    i.rt_system_tick_init  clock.o
    0x00003a42   0x00000002   PAD
    0x00003a44   0x00000018   Code   RO         3469    i.rt_system_timer_init  src_timer.o
    0x00003a5c   0x00000048   Code   RO         3470    i.rt_system_timer_thread_init  src_timer.o
    0x00003aa4   0x00000040   Code   RO         3353    i.rt_thread_create  thread.o
    0x00003ae4   0x00000008   Code   RO         3354    i.rt_thread_delay   thread.o
    0x00003aec   0x00000058   Code   RO         3357    i.rt_thread_exit    thread.o
    0x00003b44   0x00000006   Code   RO         2558    i.rt_thread_idle_entry  idle.o
    0x00003b4a   0x00000002   PAD
    0x00003b4c   0x000000b8   Code   RO         2559    i.rt_thread_idle_excute  idle.o
    0x00003c04   0x00000034   Code   RO         2561    i.rt_thread_idle_init  idle.o
    0x00003c38   0x00000078   Code   RO         3359    i.rt_thread_init    thread.o
    0x00003cb0   0x00000060   Code   RO         3360    i.rt_thread_resume  thread.o
    0x00003d10   0x0000000c   Code   RO         3361    i.rt_thread_self    thread.o
    0x00003d1c   0x00000068   Code   RO         3362    i.rt_thread_sleep   thread.o
    0x00003d84   0x00000088   Code   RO         3363    i.rt_thread_startup  thread.o
    0x00003e0c   0x00000060   Code   RO         3364    i.rt_thread_suspend  thread.o
    0x00003e6c   0x00000080   Code   RO         3365    i.rt_thread_timeout  thread.o
    0x00003eec   0x00000038   Code   RO         3471    i.rt_thread_timer_entry  src_timer.o
    0x00003f24   0x0000005c   Code   RO         3366    i.rt_thread_yield   thread.o
    0x00003f80   0x0000000c   Code   RO         2441    i.rt_tick_get       clock.o
    0x00003f8c   0x00000028   Code   RO         2442    i.rt_tick_increase  clock.o
    0x00003fb4   0x0000006c   Code   RO         3472    i.rt_timer_check    src_timer.o
    0x00004020   0x00000060   Code   RO         3473    i.rt_timer_control  src_timer.o
    0x00004080   0x00000048   Code   RO         3475    i.rt_timer_delete   src_timer.o
    0x000040c8   0x00000044   Code   RO         3476    i.rt_timer_detach   src_timer.o
    0x0000410c   0x0000004c   Code   RO         3477    i.rt_timer_init     src_timer.o
    0x00004158   0x00000018   Code   RO         3478    i.rt_timer_list_next_timeout  src_timer.o
    0x00004170   0x00000124   Code   RO         3480    i.rt_timer_start    src_timer.o
    0x00004294   0x00000054   Code   RO         3481    i.rt_timer_stop     src_timer.o
    0x000042e8   0x00000268   Code   RO         2917    i.rt_vsnprintf      kservice.o
    0x00004550   0x00000004   Code   RO         5136    i.rti_board_end     components.o
    0x00004554   0x00000004   Code   RO         5137    i.rti_board_start   components.o
    0x00004558   0x00000074   Code   RO          198    i.rtthread_startup  startup.o
    0x000045cc   0x00000020   Code   RO         2919    i.skip_atoi         kservice.o
    0x000045ec   0x0000001c   Data   RO          337    .constdata          usart.o
    0x00004608   0x00000034   Data   RO          473    .constdata          descriptors.o
    0x0000463c   0x0000003f   Data   RO          474    .constdata          descriptors.o
    0x0000467b   0x00000012   Data   RO          475    .constdata          descriptors.o
    0x0000468d   0x0000003b   Data   RO          476    .constdata          descriptors.o
    0x000046c8   0x00000004   Data   RO          477    .constdata          descriptors.o
    0x000046cc   0x00000012   Data   RO          478    .constdata          descriptors.o
    0x000046de   0x00000010   Data   RO          479    .constdata          descriptors.o
    0x000046ee   0x0000001a   Data   RO          480    .constdata          descriptors.o
    0x00004708   0x0000000c   Data   RO          481    .constdata          descriptors.o
    0x00004714   0x0000000c   Data   RO          482    .constdata          descriptors.o
    0x00004720   0x00000018   Data   RO          483    .constdata          descriptors.o
    0x00004738   0x00000038   Data   RO          798    .constdata          clk.o
    0x00004770   0x00000030   Data   RO         2196    .constdata          uart.o
    0x000047a0   0x000000a8   Data   RO         2489    .constdata          device.o
    0x00004848   0x00000016   Data   RO         2563    .constdata          idle.o
    0x0000485e   0x000001d7   Data   RO         2641    .constdata          ipc.o
    0x00004a35   0x00000122   Data   RO         2921    .constdata          kservice.o
    0x00004b57   0x00000046   Data   RO         3099    .constdata          mem.o
    0x00004b9d   0x0000005e   Data   RO         3225    .constdata          object.o
    0x00004bfb   0x00000034   Data   RO         3295    .constdata          scheduler.o
    0x00004c2f   0x000000aa   Data   RO         3367    .constdata          thread.o
    0x00004cd9   0x0000005c   Data   RO         3483    .constdata          src_timer.o
    0x00004d35   0x00000124   Data   RO         3654    .constdata          serial.o
    0x00004e59   0x00000039   Data   RO         3719    .constdata          completion.o
    0x00004e92   0x0000004b   Data   RO         3752    .constdata          dataqueue.o
    0x00004edd   0x00000003   PAD
    0x00004ee0   0x000000ed   Data   RO         3100    .conststring        mem.o
    0x00004fcd   0x00000003   PAD
    0x00004fd0   0x00000044   Data   RO         4088    .conststring        cmd.o
    0x00005014   0x00000004   Data   RO         5141    .rti_fn.0.end       components.o
    0x00005018   0x00000004   Data   RO         5142    .rti_fn.1.end       components.o
    0x0000501c   0x00000020   Data   RO         5543    Region$$Table       anon$$obj.o


    Execution Region RW_IRAM1 (Base: 0x20000000, Size: 0x00000ae0, Max: 0x00004000, ABSOLUTE)

    Base Addr    Size         Type   Attr      Idx    E Section Name        Object

    0x20000000   0x00000010   Data   RW            6    .data               app.o
    0x20000010   0x00000010   Data   RW          484    .data               descriptors.o
    0x20000020   0x0000000c   Data   RW          485    .data               descriptors.o
    0x2000002c   0x0000002c   Data   RW          515    .data               system_nuc230_240.o
    0x20000058   0x00000014   Data   RW         1129    .data               hid_mousekeyboard.o
    0x2000006c   0x00000048   Data   RW         2303    .data               usbd_1.o
    0x200000b4   0x00000004   Data   RW         2444    .data               clock.o
    0x200000b8   0x00000001   Data   RW         2864    .data               irq.o
    0x200000b9   0x00000003   PAD
    0x200000bc   0x0000000c   Data   RW         2922    .data               kservice.o
    0x200000c8   0x00000018   Data   RW         3101    .data               mem.o
    0x200000e0   0x00000090   Data   RW         3226    .data               object.o
    0x20000170   0x00000014   Data   RW         3296    .data               scheduler.o
    0x20000184   0x00000014   Data   RW         3484    .data               src_timer.o
    0x20000198   0x00000004   Data   RW         3581    .data               cpuport.o
    0x2000019c   0x00000004   Data   RW         3582    .data               cpuport.o
    0x200001a0   0x00000004   Data   RW         3583    .data               cpuport.o
    0x200001a4   0x00000004   Data   RW         5476    .data               mc_p.l(stdout.o)
    0x200001a8   0x00000054   Zero   RW          336    .bss                usart.o
    0x200001fc   0x00000100   Zero   RW         2562    .bss                idle.o
    0x200002fc   0x00000040   Zero   RW         2920    .bss                kservice.o
    0x2000033c   0x00000020   Zero   RW         3098    .bss                mem.o
    0x2000035c   0x00000100   Zero   RW         3294    .bss                scheduler.o
    0x2000045c   0x00000280   Zero   RW         3482    .bss                src_timer.o
    0x200006dc   0x00000004   PAD
    0x200006e0   0x00000400   Zero   RW          504    STACK               startup_nuc230_240.o


==============================================================================

Image component sizes


      Code (inc. data)   RO Data    RW Data    ZI Data      Debug   Object Name

       308        128          0         16          0     122300   app.o
       232         38          0          0          0       7846   board.o
      1020        142         56          0          0       6595   clk.o
        54         10          0          4          0       1551   clock.o
       440        188         68          0          0       3868   cmd.o
       386        146         57          0          0       3327   completion.o
        36          8          8          0          0       2101   components.o
       216         32          0          0          0        776   context_rvds.o
       300        166          0         12          0       2482   cpuport.o
       460         92         75          0          0       7663   dataqueue.o
         0          0        304         28          0       6867   descriptors.o
       544        146        168          0          0       7878   device.o
        40          0          0          0          0        979   gpio.o
       452         32          0         20          0       9911   hid_mousekeyboard.o
       262         68         22          0        256       3742   idle.o
       576        136        471          0          0      30764   ipc.o
        60         14          0          1          0       1970   irq.o
      1686        240        290         12         64      14176   kservice.o
        32          8          0          0          0        860   led.o
      1320        524        307         24         32       6037   mem.o
       498        170         94        144          0       7043   object.o
       532        152         52         20        256       6186   scheduler.o
      2360        624        292          0          0      13619   serial.o
      1180        246         92         20        640      11812   src_timer.o
       250         42          0          0          0       7721   startup.o
        76         32        192          0       1024        708   startup_nuc230_240.o
        26          0          0          0          0        490   sys.o
       146         26          0         44          0      22119   system_nuc230_240.o
      1184        368        170          0          0      12294   thread.o
       376         68         48          0          0       9655   uart.o
       292         48         28          0         84     110986   usart.o
      1288        152          0         72          0      34444   usbd_1.o

    ----------------------------------------------------------------------
     16648       4046       2832        420       2360     478770   Object Totals
         0          0         32          0          0          0   (incl. Generated)
        16          0          6          3          4          0   (incl. Padding)

    ----------------------------------------------------------------------

      Code (inc. data)   RO Data    RW Data    ZI Data      Debug   Library Member Name

         0          0          0          0          0          0   entry.o
         0          0          0          0          0          0   entry10a.o
         0          0          0          0          0          0   entry11a.o
         8          4          0          0          0          0   entry2.o
         4          0          0          0          0          0   entry5.o
         0          0          0          0          0          0   entry7b.o
         0          0          0          0          0          0   entry8b.o
         8          4          0          0          0          0   entry9a.o
        30          0          0          0          0          0   handlers.o
        36          8          0          0          0         68   init.o
        32          0          0          0          0         68   llshl.o
        34          0          0          0          0         68   llushr.o
       764         52          0          0          0        168   printf5.o
         0          0          0          4          0          0   stdout.o
        44          0          0          0          0         72   uidiv.o
        96          0          0          0          0         84   uldiv.o

    ----------------------------------------------------------------------
      1060         68          0          4          0        528   Library Totals
         4          0          0          0          0          0   (incl. Padding)

    ----------------------------------------------------------------------

      Code (inc. data)   RO Data    RW Data    ZI Data      Debug   Library Name

      1056         68          0          4          0        528   mc_p.l

    ----------------------------------------------------------------------
      1060         68          0          4          0        528   Library Totals

    ----------------------------------------------------------------------

==============================================================================


      Code (inc. data)   RO Data    RW Data    ZI Data      Debug   

     17708       4114       2832        424       2360     472094   Grand Totals
     17708       4114       2832        424       2360     472094   ELF Image Totals
     17708       4114       2832        424          0          0   ROM Totals

==============================================================================

    Total RO  Size (Code + RO Data)                20540 (  20.06kB)
    Total RW  Size (RW Data + ZI Data)              2784 (   2.72kB)
    Total ROM Size (Code + RO Data + RW Data)      20964 (  20.47kB)

==============================================================================

