Component: ARM Compiler 5.06 update 3 (build 300) Tool: armlink [4d35c9]

==============================================================================

Small function inlining results

Inlined total of 0 calls.

==============================================================================

Memory Map of the image

  Image Entry point : 0x000000d5

  Load Region LR_IROM1 (Base: 0x00000000, Size: 0x000042bc, Max: 0x00020000, ABSOLUTE)

    Execution Region ER_IROM1 (Base: 0x00000000, Size: 0x00004110, Max: 0x00020000, ABSOLUTE)

    Base Addr    Size         Type   Attr      Idx    E Section Name        Object

    0x00000000   0x000000c0   Data   RO          877    RESET               startup_nuc230_240.o
    0x000000c0   0x00000000   Code   RO         5493  * .ARM.Collect$$$$00000000  mc_p.l(entry.o)
    0x000000c0   0x00000004   Code   RO         5516    .ARM.Collect$$$$00000001  mc_p.l(entry2.o)
    0x000000c4   0x00000004   Code   RO         5519    .ARM.Collect$$$$00000004  mc_p.l(entry5.o)
    0x000000c8   0x00000000   Code   RO         5521    .ARM.Collect$$$$00000008  mc_p.l(entry7b.o)
    0x000000c8   0x00000000   Code   RO         5523    .ARM.Collect$$$$0000000A  mc_p.l(entry8b.o)
    0x000000c8   0x00000008   Code   RO         5524    .ARM.Collect$$$$0000000B  mc_p.l(entry9a.o)
    0x000000d0   0x00000000   Code   RO         5526    .ARM.Collect$$$$0000000D  mc_p.l(entry10a.o)
    0x000000d0   0x00000000   Code   RO         5528    .ARM.Collect$$$$0000000F  mc_p.l(entry11a.o)
    0x000000d0   0x00000004   Code   RO         5517    .ARM.Collect$$$$00002712  mc_p.l(entry2.o)
    0x000000d4   0x0000004c   Code   RO          878  * .text               startup_nuc230_240.o
    0x00000120   0x000000d8   Code   RO         3942    .text               context_rvds.o
    0x000001f8   0x0000002c   Code   RO         5494    .text               mc_p.l(uidiv.o)
    0x00000224   0x00000024   Code   RO         5539    .text               mc_p.l(init.o)
    0x00000248   0x00000030   Code   RO         1153    i.CLK_EnableModuleClock  clk.o
    0x00000278   0x00000198   Code   RO         1154    i.CLK_EnablePLL     clk.o
    0x00000410   0x00000010   Code   RO         1156    i.CLK_EnableXtalRC  clk.o
    0x00000420   0x00000058   Code   RO         2547    i.CLK_GetPLLClockFreq  uart.o
    0x00000478   0x000000d0   Code   RO         1164    i.CLK_SetCoreClock  clk.o
    0x00000548   0x00000048   Code   RO         1165    i.CLK_SetHCLK       clk.o
    0x00000590   0x000000cc   Code   RO         1166    i.CLK_SetModuleClock  clk.o
    0x0000065c   0x00000014   Code   RO         1167    i.CLK_SetSysTickClockSrc  clk.o
    0x00000670   0x0000002c   Code   RO         1168    i.CLK_WaitClockReady  clk.o
    0x0000069c   0x0000001a   Code   RO         2419    i.SYS_ResetModule   sys.o
    0x000006b6   0x00000010   Code   RO          296    i.SysTick_Handler   board.o
    0x000006c6   0x00000002   PAD
    0x000006c8   0x00000090   Code   RO          884    i.SystemCoreClockUpdate  system_nuc230_240.o
    0x00000758   0x00000002   Code   RO          885    i.SystemInit        system_nuc230_240.o
    0x0000075a   0x00000002   PAD
    0x0000075c   0x00000068   Code   RO          344    i.UART02_IRQHandler  usart.o
    0x000007c4   0x00000038   Code   RO         2548    i.UART_ClearIntFlag  uart.o
    0x000007fc   0x00000030   Code   RO         2551    i.UART_DisableInt   uart.o
    0x0000082c   0x00000030   Code   RO         2553    i.UART_EnableInt    uart.o
    0x0000085c   0x00000088   Code   RO         2554    i.UART_Open         uart.o
    0x000008e4   0x0000009c   Code   RO         2654    i.USBD_CtrlIn       usbd_1.o
    0x00000980   0x00000044   Code   RO         2655    i.USBD_CtrlOut      usbd_1.o
    0x000009c4   0x000000ac   Code   RO         2656    i.USBD_GetDescriptor  usbd_1.o
    0x00000a70   0x000000f0   Code   RO         1496    i.USBD_IRQHandler   hid_mousekeyboard.o
    0x00000b60   0x00000010   Code   RO         2659    i.USBD_MemCopy      usbd_1.o
    0x00000b70   0x00000064   Code   RO         2661    i.USBD_PrepareCtrlIn  usbd_1.o
    0x00000bd4   0x0000001c   Code   RO         2662    i.USBD_PrepareCtrlOut  usbd_1.o
    0x00000bf0   0x00000054   Code   RO         2663    i.USBD_ProcessSetupPacket  usbd_1.o
    0x00000c44   0x000001b4   Code   RO         2666    i.USBD_StandardRequest  usbd_1.o
    0x00000df8   0x00000040   Code   RO         2668    i.USBD_SwReset      usbd_1.o
    0x00000e38   0x0000001a   Code   RO          863    i.__ARM_common_switch8  core.o
    0x00000e52   0x00000002   PAD
    0x00000e54   0x00000040   Code   RO         3251    i.__rt_ffs          kservice.o
    0x00000e94   0x0000000e   Code   RO         5575    i.__scatterload_copy  mc_p.l(handlers.o)
    0x00000ea2   0x00000002   Code   RO         5576    i.__scatterload_null  mc_p.l(handlers.o)
    0x00000ea4   0x0000000e   Code   RO         5577    i.__scatterload_zeroinit  mc_p.l(handlers.o)
    0x00000eb2   0x00000002   PAD
    0x00000eb4   0x000000e8   Code   RO          535    i._data_notify      core.o
    0x00000f9c   0x00000098   Code   RO          536    i._function_request  core.o
    0x00001034   0x000000c4   Code   RO          537    i._get_descriptor   core.o
    0x000010f8   0x000000ac   Code   RO          538    i._get_string_descriptor  core.o
    0x000011a4   0x00000014   Code   RO         2922    i._has_defunct_thread  idle.o
    0x000011b8   0x0000015c   Code   RO         4381    i._list_thread      cmd.o
    0x00001314   0x0000006c   Code   RO         3692    i._rt_thread_init   thread.o
    0x00001380   0x00000026   Code   RO         3804    i._rt_timer_init    src_timer.o
    0x000013a6   0x00000022   Code   RO         3805    i._rt_timer_remove  src_timer.o
    0x000013c8   0x000000cc   Code   RO         3979    i._serial_dma_rx    serial.o
    0x00001494   0x000000c8   Code   RO          539    i._set_config       core.o
    0x0000155c   0x0000006c   Code   RO          540    i._set_interface    core.o
    0x000015c8   0x000002a0   Code   RO          541    i._standard_request  core.o
    0x00001868   0x00000038   Code   RO          542    i._stop_notify      core.o
    0x000018a0   0x0000001a   Code   RO          543    i.dcd_ep_read       core.o
    0x000018ba   0x00000020   Code   RO          544    i.dcd_ep_read_prepare  core.o
    0x000018da   0x00000016   Code   RO          545    i.dcd_ep_write      core.o
    0x000018f0   0x00000010   Code   RO         4393    i.list_thread       cmd.o
    0x00001900   0x0000000e   Code   RO          198    i.main              startup.o
    0x0000190e   0x00000002   PAD
    0x00001910   0x00000058   Code   RO          345    i.nuc240_configure  usart.o
    0x00001968   0x0000001e   Code   RO          346    i.nuc240_control    usart.o
    0x00001986   0x00000012   Code   RO          347    i.nuc240_getc       usart.o
    0x00001998   0x00000014   Code   RO          348    i.nuc240_putc       usart.o
    0x000019ac   0x00000034   Code   RO         4395    i.object_name_maxlen  cmd.o
    0x000019e0   0x00000018   Code   RO         4396    i.object_split      cmd.o
    0x000019f8   0x00000058   Code   RO         3439    i.plug_holes        mem.o
    0x00001a50   0x00000134   Code   RO         3253    i.print_number      kservice.o
    0x00001b84   0x00000016   Code   RO         4043    i.rt_completion_init  completion.o
    0x00001b9a   0x0000007a   Code   RO         4044    i.rt_completion_wait  completion.o
    0x00001c14   0x0000001c   Code   RO         5449    i.rt_components_board_init  components.o
    0x00001c30   0x0000002c   Code   RO         3255    i.rt_console_set_device  kservice.o
    0x00001c5c   0x00000034   Code   RO         4066    i.rt_data_queue_init  dataqueue.o
    0x00001c90   0x000000e6   Code   RO         4069    i.rt_data_queue_push  dataqueue.o
    0x00001d76   0x00000036   Code   RO         2843    i.rt_device_close   device.o
    0x00001dac   0x00000054   Code   RO         2845    i.rt_device_find    device.o
    0x00001e00   0x0000006c   Code   RO         2846    i.rt_device_init    device.o
    0x00001e6c   0x000000a0   Code   RO         2848    i.rt_device_open    device.o
    0x00001f0c   0x00000034   Code   RO         2850    i.rt_device_register  device.o
    0x00001f40   0x00000024   Code   RO         2854    i.rt_device_write   device.o
    0x00001f64   0x00000030   Code   RO         3980    i.rt_dma_calc_recved_len  serial.o
    0x00001f94   0x00000018   Code   RO         3631    i.rt_enter_critical  scheduler.o
    0x00001fac   0x0000002c   Code   RO         3632    i.rt_exit_critical  scheduler.o
    0x00001fd8   0x00000058   Code   RO         3441    i.rt_free           mem.o
    0x00002030   0x0000005c   Code   RO          297    i.rt_hw_board_init  board.o
    0x0000208c   0x00000002   Code   RO         3258    i.rt_hw_console_output  kservice.o
    0x0000208e   0x00000002   PAD
    0x00002090   0x000000f4   Code   RO         3918    i.rt_hw_hard_fault_exception  cpuport.o
    0x00002184   0x00000044   Code   RO         3983    i.rt_hw_serial_register  serial.o
    0x000021c8   0x00000038   Code   RO         3919    i.rt_hw_stack_init  cpuport.o
    0x00002200   0x00000068   Code   RO          298    i.rt_hw_system_init  board.o
    0x00002268   0x0000003c   Code   RO          349    i.rt_hw_usart_init  usart.o
    0x000022a4   0x00000018   Code   RO         3224    i.rt_interrupt_enter  irq.o
    0x000022bc   0x0000000c   Code   RO         3225    i.rt_interrupt_get_nest  irq.o
    0x000022c8   0x00000018   Code   RO         3226    i.rt_interrupt_leave  irq.o
    0x000022e0   0x0000000e   Code   RO         2969    i.rt_ipc_list_resume  ipc.o
    0x000022ee   0x0000004e   Code   RO         2971    i.rt_ipc_list_suspend  ipc.o
    0x0000233c   0x0000004c   Code   RO         3259    i.rt_kprintf        kservice.o
    0x00002388   0x0000000e   Code   RO         3560    i.rt_list_insert_after  object.o
    0x00002396   0x0000000e   Code   RO         3693    i.rt_list_insert_after  thread.o
    0x000023a4   0x0000000e   Code   RO         3806    i.rt_list_insert_after  src_timer.o
    0x000023b2   0x0000000e   Code   RO          546    i.rt_list_insert_before  core.o
    0x000023c0   0x0000000e   Code   RO         2972    i.rt_list_insert_before  ipc.o
    0x000023ce   0x0000000e   Code   RO         4071    i.rt_list_insert_before  dataqueue.o
    0x000023dc   0x0000000e   Code   RO         2973    i.rt_list_isempty   ipc.o
    0x000023ea   0x0000000e   Code   RO         3807    i.rt_list_isempty   src_timer.o
    0x000023f8   0x0000000e   Code   RO         4072    i.rt_list_isempty   dataqueue.o
    0x00002406   0x00000012   Code   RO         3561    i.rt_list_remove    object.o
    0x00002418   0x00000012   Code   RO         3694    i.rt_list_remove    thread.o
    0x0000242a   0x00000002   PAD
    0x0000242c   0x000000e8   Code   RO         3442    i.rt_malloc         mem.o
    0x00002514   0x00000046   Code   RO         3263    i.rt_memcpy         kservice.o
    0x0000255a   0x00000042   Code   RO         3265    i.rt_memset         kservice.o
    0x0000259c   0x00000060   Code   RO         2986    i.rt_mq_init        ipc.o
    0x000025fc   0x000000de   Code   RO         2987    i.rt_mq_recv        ipc.o
    0x000026da   0x00000020   Code   RO         3563    i.rt_object_delete  object.o
    0x000026fa   0x0000001a   Code   RO         3564    i.rt_object_detach  object.o
    0x00002714   0x00000038   Code   RO         3567    i.rt_object_init    object.o
    0x0000274c   0x0000000e   Code   RO         3568    i.rt_object_is_systemobject  object.o
    0x0000275a   0x00000002   PAD
    0x0000275c   0x00000098   Code   RO         3633    i.rt_schedule       scheduler.o
    0x000027f4   0x00000044   Code   RO         3634    i.rt_schedule_insert_thread  scheduler.o
    0x00002838   0x00000048   Code   RO         3635    i.rt_schedule_remove_thread  scheduler.o
    0x00002880   0x00000020   Code   RO         3001    i.rt_sem_init       ipc.o
    0x000028a0   0x0000003c   Code   RO         3002    i.rt_sem_release    ipc.o
    0x000028dc   0x00000072   Code   RO         3003    i.rt_sem_take       ipc.o
    0x0000294e   0x00000092   Code   RO         3984    i.rt_serial_close   serial.o
    0x000029e0   0x0000005c   Code   RO         3985    i.rt_serial_control  serial.o
    0x00002a3c   0x0000001c   Code   RO         3986    i.rt_serial_init    serial.o
    0x00002a58   0x00000128   Code   RO         3987    i.rt_serial_open    serial.o
    0x00002b80   0x00000096   Code   RO         3988    i.rt_serial_read    serial.o
    0x00002c16   0x00000002   PAD
    0x00002c18   0x000000bc   Code   RO         3989    i.rt_serial_write   serial.o
    0x00002cd4   0x00000024   Code   RO         3266    i.rt_set_errno      kservice.o
    0x00002cf8   0x000000b0   Code   RO         3267    i.rt_show_version   kservice.o
    0x00002da8   0x0000006c   Code   RO         3808    i.rt_soft_timer_check  src_timer.o
    0x00002e14   0x00000010   Code   RO         3273    i.rt_strlen         kservice.o
    0x00002e24   0x00000024   Code   RO         3274    i.rt_strncmp        kservice.o
    0x00002e48   0x00000028   Code   RO         3275    i.rt_strncpy        kservice.o
    0x00002e70   0x000000ac   Code   RO         3445    i.rt_system_heap_init  mem.o
    0x00002f1c   0x00000002   Code   RO         3569    i.rt_system_object_init  object.o
    0x00002f1e   0x00000002   PAD
    0x00002f20   0x00000034   Code   RO         3636    i.rt_system_scheduler_init  scheduler.o
    0x00002f54   0x00000028   Code   RO         3637    i.rt_system_scheduler_start  scheduler.o
    0x00002f7c   0x00000002   Code   RO         2805    i.rt_system_tick_init  clock.o
    0x00002f7e   0x00000002   PAD
    0x00002f80   0x00000018   Code   RO         3809    i.rt_system_timer_init  src_timer.o
    0x00002f98   0x00000048   Code   RO         3810    i.rt_system_timer_thread_init  src_timer.o
    0x00002fe0   0x00000008   Code   RO         3697    i.rt_thread_delay   thread.o
    0x00002fe8   0x00000058   Code   RO         3700    i.rt_thread_exit    thread.o
    0x00003040   0x00000006   Code   RO         2923    i.rt_thread_idle_entry  idle.o
    0x00003046   0x00000002   PAD
    0x00003048   0x00000068   Code   RO         2924    i.rt_thread_idle_excute  idle.o
    0x000030b0   0x00000034   Code   RO         2926    i.rt_thread_idle_init  idle.o
    0x000030e4   0x0000002a   Code   RO         3702    i.rt_thread_init    thread.o
    0x0000310e   0x00000038   Code   RO         3703    i.rt_thread_resume  thread.o
    0x00003146   0x00000002   PAD
    0x00003148   0x0000000c   Code   RO         3704    i.rt_thread_self    thread.o
    0x00003154   0x00000040   Code   RO         3705    i.rt_thread_sleep   thread.o
    0x00003194   0x0000002c   Code   RO         3706    i.rt_thread_startup  thread.o
    0x000031c0   0x00000036   Code   RO         3707    i.rt_thread_suspend  thread.o
    0x000031f6   0x0000001e   Code   RO         3708    i.rt_thread_timeout  thread.o
    0x00003214   0x00000038   Code   RO         3811    i.rt_thread_timer_entry  src_timer.o
    0x0000324c   0x0000005c   Code   RO         3709    i.rt_thread_yield   thread.o
    0x000032a8   0x0000000c   Code   RO         2807    i.rt_tick_get       clock.o
    0x000032b4   0x00000028   Code   RO         2808    i.rt_tick_increase  clock.o
    0x000032dc   0x0000006c   Code   RO         3812    i.rt_timer_check    src_timer.o
    0x00003348   0x00000032   Code   RO         3813    i.rt_timer_control  src_timer.o
    0x0000337a   0x00000020   Code   RO         3816    i.rt_timer_detach   src_timer.o
    0x0000339a   0x00000026   Code   RO         3817    i.rt_timer_init     src_timer.o
    0x000033c0   0x00000018   Code   RO         3818    i.rt_timer_list_next_timeout  src_timer.o
    0x000033d8   0x000000c8   Code   RO         3820    i.rt_timer_start    src_timer.o
    0x000034a0   0x0000002e   Code   RO         3821    i.rt_timer_stop     src_timer.o
    0x000034ce   0x00000002   PAD
    0x000034d0   0x00000094   Code   RO          520    i.rt_usb_device_init  usbdevice.o
    0x00003564   0x00000018   Code   RO          550    i.rt_usbd_clear_feature  core.o
    0x0000357c   0x0000005c   Code   RO          552    i.rt_usbd_config_new  core.o
    0x000035d8   0x00000060   Code   RO          554    i.rt_usbd_core_init  core.o
    0x00003638   0x000000ac   Code   RO          555    i.rt_usbd_device_add_config  core.o
    0x000036e4   0x00000050   Code   RO          556    i.rt_usbd_device_new  core.o
    0x00003734   0x00000006   Code   RO          557    i.rt_usbd_device_set_controller  core.o
    0x0000373a   0x0000000e   Code   RO          558    i.rt_usbd_device_set_descriptor  core.o
    0x00003748   0x00000006   Code   RO          560    i.rt_usbd_device_set_string  core.o
    0x0000374e   0x0000000a   Code   RO          567    i.rt_usbd_ep0_set_stall  core.o
    0x00003758   0x00000042   Code   RO          569    i.rt_usbd_ep0_write  core.o
    0x0000379a   0x00000062   Code   RO          570    i.rt_usbd_ep_assign  core.o
    0x000037fc   0x0000005c   Code   RO          576    i.rt_usbd_find_altsetting  core.o
    0x00003858   0x00000044   Code   RO          577    i.rt_usbd_find_config  core.o
    0x0000389c   0x00000038   Code   RO          578    i.rt_usbd_find_device  core.o
    0x000038d4   0x0000006c   Code   RO          579    i.rt_usbd_find_endpoint  core.o
    0x00003940   0x00000058   Code   RO          580    i.rt_usbd_find_interface  core.o
    0x00003998   0x0000009c   Code   RO          585    i.rt_usbd_io_request  core.o
    0x00003a34   0x0000000e   Code   RO          587    i.rt_usbd_set_altsetting  core.o
    0x00003a42   0x0000000e   Code   RO          588    i.rt_usbd_set_config  core.o
    0x00003a50   0x00000018   Code   RO          589    i.rt_usbd_set_feature  core.o
    0x00003a68   0x00000168   Code   RO          591    i.rt_usbd_thread_entry  core.o
    0x00003bd0   0x00000268   Code   RO         3278    i.rt_vsnprintf      kservice.o
    0x00003e38   0x00000004   Code   RO         5451    i.rti_board_end     components.o
    0x00003e3c   0x00000004   Code   RO         5452    i.rti_board_start   components.o
    0x00003e40   0x0000003c   Code   RO          199    i.rtthread_startup  startup.o
    0x00003e7c   0x00000020   Code   RO         3280    i.skip_atoi         kservice.o
    0x00003e9c   0x0000001c   Data   RO          351    .constdata          usart.o
    0x00003eb8   0x00000038   Data   RO         1169    .constdata          clk.o
    0x00003ef0   0x00000030   Data   RO         2562    .constdata          uart.o
    0x00003f20   0x00000122   Data   RO         3282    .constdata          kservice.o
    0x00004042   0x00000002   PAD
    0x00004044   0x0000005e   Data   RO          521    .conststring        usbdevice.o
    0x000040a2   0x00000002   PAD
    0x000040a4   0x00000044   Data   RO         4404    .conststring        cmd.o
    0x000040e8   0x00000004   Data   RO         5456    .rti_fn.0.end       components.o
    0x000040ec   0x00000004   Data   RO         5457    .rti_fn.1.end       components.o
    0x000040f0   0x00000020   Data   RO         5573    Region$$Table       anon$$obj.o


    Execution Region RW_IRAM1 (Base: 0x20000000, Size: 0x00001628, Max: 0x00004000, ABSOLUTE)

    Base Addr    Size         Type   Attr      Idx    E Section Name        Object

    0x20000000   0x00000004   Data   RW          352    .data               usart.o
    0x20000004   0x0000002a   Data   RW          522    .data               usbdevice.o
    0x2000002e   0x00000002   PAD
    0x20000030   0x00000008   Data   RW          593    .data               core.o
    0x20000038   0x0000002c   Data   RW          886    .data               system_nuc230_240.o
    0x20000064   0x00000014   Data   RW         1498    .data               hid_mousekeyboard.o
    0x20000078   0x00000048   Data   RW         2669    .data               usbd_1.o
    0x200000c0   0x00000004   Data   RW         2810    .data               clock.o
    0x200000c4   0x00000001   Data   RW         3227    .data               irq.o
    0x200000c5   0x00000003   PAD
    0x200000c8   0x00000008   Data   RW         3283    .data               kservice.o
    0x200000d0   0x00000018   Data   RW         3447    .data               mem.o
    0x200000e8   0x00000090   Data   RW         3570    .data               object.o
    0x20000178   0x00000014   Data   RW         3639    .data               scheduler.o
    0x2000018c   0x00000014   Data   RW         3823    .data               src_timer.o
    0x200001a0   0x00000004   Data   RW         3920    .data               cpuport.o
    0x200001a4   0x00000004   Data   RW         3921    .data               cpuport.o
    0x200001a8   0x00000004   Data   RW         3922    .data               cpuport.o
    0x200001ac   0x000000a4   Zero   RW          350    .bss                usart.o
    0x20000250   0x00000af4   Zero   RW          592    .bss                core.o
    0x20000d44   0x00000100   Zero   RW         2927    .bss                idle.o
    0x20000e44   0x00000040   Zero   RW         3281    .bss                kservice.o
    0x20000e84   0x00000020   Zero   RW         3446    .bss                mem.o
    0x20000ea4   0x00000100   Zero   RW         3638    .bss                scheduler.o
    0x20000fa4   0x00000280   Zero   RW         3822    .bss                src_timer.o
    0x20001224   0x00000004   PAD
    0x20001228   0x00000400   Zero   RW          875    STACK               startup_nuc230_240.o


==============================================================================

Image component sizes


      Code (inc. data)   RO Data    RW Data    ZI Data      Debug   Object Name

         0          0          0          0          0     119115   app.o
       212         36          0          0          0       7730   board.o
      1020        142         56          0          0       6415   clk.o
        54         10          0          4          0       1471   clock.o
       440        188         68          0          0       3768   cmd.o
       144          0          0          0          0       1958   completion.o
        36          8          8          0          0       2001   components.o
       216         32          0          0          0        756   context_rvds.o
      3552        712          0          8       2804      34275   core.o
       300        166          0         12          0       2402   cpuport.o
       310          0          0          0          0       5414   dataqueue.o
       494        126          0          0          0       4470   device.o
       240         12          0         20          0       2689   hid_mousekeyboard.o
       182         26          0          0        256       3482   idle.o
       644          6          0          0          0       7534   ipc.o
        60         14          0          1          0       1870   irq.o
      1582        178        290          8         64      13153   kservice.o
       580        102          0         24         32       3816   mem.o
       162          4          0        144          0       4933   object.o
       452        100          0         20        256       5846   scheduler.o
      1220         34          0          0          0       9832   serial.o
       858         66          0         20        640      10510   src_timer.o
        74          8          0          0          0        886   startup.o
        76         32        192          0       1024        692   startup_nuc230_240.o
        26          0          0          0          0        470   sys.o
       146         26          0         44          0      22019   system_nuc230_240.o
       630         42          0          0          0       8501   thread.o
       376         68         48          0          0       9515   uart.o
       320         44         28          4        164     122079   usart.o
      1124        104          0         72          0      12721   usbd_1.o
       148         54         94         42          0       1485   usbdevice.o

    ----------------------------------------------------------------------
     15704       2340        820        428       5244     431808   Object Totals
         0          0         32          0          0          0   (incl. Generated)
        26          0          4          5          4          0   (incl. Padding)

    ----------------------------------------------------------------------

      Code (inc. data)   RO Data    RW Data    ZI Data      Debug   Library Member Name

         0          0          0          0          0          0   entry.o
         0          0          0          0          0          0   entry10a.o
         0          0          0          0          0          0   entry11a.o
         8          4          0          0          0          0   entry2.o
         4          0          0          0          0          0   entry5.o
         0          0          0          0          0          0   entry7b.o
         0          0          0          0          0          0   entry8b.o
         8          4          0          0          0          0   entry9a.o
        30          0          0          0          0          0   handlers.o
        36          8          0          0          0         68   init.o
        44          0          0          0          0         72   uidiv.o

    ----------------------------------------------------------------------
       132         16          0          0          0        140   Library Totals
         2          0          0          0          0          0   (incl. Padding)

    ----------------------------------------------------------------------

      Code (inc. data)   RO Data    RW Data    ZI Data      Debug   Library Name

       130         16          0          0          0        140   mc_p.l

    ----------------------------------------------------------------------
       132         16          0          0          0        140   Library Totals

    ----------------------------------------------------------------------

==============================================================================


      Code (inc. data)   RO Data    RW Data    ZI Data      Debug   

     15836       2356        820        428       5244     424304   Grand Totals
     15836       2356        820        428       5244     424304   ELF Image Totals
     15836       2356        820        428          0          0   ROM Totals

==============================================================================

    Total RO  Size (Code + RO Data)                16656 (  16.27kB)
    Total RW  Size (RW Data + ZI Data)              5672 (   5.54kB)
    Total ROM Size (Code + RO Data + RW Data)      17084 (  16.68kB)

==============================================================================

