<html>
<body>
<pre>
<h1>µVision Build Log</h1>
<h2>Tool Versions:</h2>
IDE-Version: ¦ÌVision V5.21.1.0
Copyright (C) 2016 ARM Ltd and ARM Germany GmbH. All rights reserved.
License Information: BRC BRC, BRC, LIC=ATTCX-HPMT0-LC4JF-6JLC8-NH0EW-2282K
 
Tool Versions:
Toolchain:       MDK-ARM Plus  Version: 5.21a
Toolchain Path:  C:\Keil_v5\ARM\ARMCC\Bin
C Compiler:      Armcc.exe V5.06 update 3 (build 300)
Assembler:       Armasm.exe V5.06 update 3 (build 300)
Linker/Locator:  ArmLink.exe V5.06 update 3 (build 300)
Library Manager: ArmAr.exe V5.06 update 3 (build 300)
Hex Converter:   FromElf.exe V5.06 update 3 (build 300)
CPU DLL:         SARMCM3.DLL V5.21a
Dialog DLL:      DARMCM1.DLL V1.14.0.0
Target DLL:      Nu_Link.dll V2.00
Dialog DLL:      TARMCM1.DLL V1.10.0.0
 
<h2>Project:</h2>
E:\cynoware\RTthread\rt-threa\bsp\nuvoton_m05x\project.uvprojx
Project File Date:  06/30/2017

<h2>Output:</h2>
*** Using Compiler 'V5.06 update 3 (build 300)', folder: 'C:\Keil_v5\ARM\ARMCC\Bin'
Rebuild target 'rt-thread'
compiling startup.c...
drivers\printf.h(7): warning:  #1-D: last line of file ends without a newline
  #endif
applications\startup.c: 1 warning, 0 errors
compiling led.c...
compiling board.c...
drivers\board.c(46): warning:  #177-D: function "delay" was declared but never referenced
  static void delay(__IO uint32_t nCount)
drivers\board.c(55): warning:  #177-D: function "rt_hw_system_init" was declared but never referenced
  static void rt_hw_system_init(void)
drivers\board.c: 2 warnings, 0 errors
compiling printf.c...
drivers\printf.h(7): warning:  #1-D: last line of file ends without a newline
  #endif
drivers\printf.c(114): warning:  #1-D: last line of file ends without a newline
  }
drivers\printf.c: 2 warnings, 0 errors
compiling usart.c...
compiling system_M051Series.c...
compiling acmp.c...
compiling adc.c...
compiling clk.c...
compiling ebi.c...
compiling fmc.c...
compiling gpio.c...
compiling i2c.c...
compiling pwm.c...
compiling spi.c...
compiling sys.c...
compiling timer.c...
compiling uart.c...
assembling startup_M051Series.s...
compiling wdt.c...
compiling wwdt.c...
compiling clock.c...
compiling device.c...
compiling idle.c...
compiling irq.c...
compiling ipc.c...
compiling kservice.c...
compiling object.c...
compiling scheduler.c...
compiling mem.c...
compiling cpuport.c...
compiling thread.c...
compiling src_timer.c...
assembling context_rvds.S...
compiling backtrace.c...
compiling div0.c...
compiling showmem.c...
compiling completion.c...
compiling serial.c...
compiling dataqueue.c...
compiling pipe.c...
compiling portal.c...
compiling ringbuffer.c...
compiling workqueue.c...
compiling shell.c...
compiling symbol.c...
compiling cmd.c...
compiling finsh_error.c...
compiling finsh_heap.c...
compiling finsh_compiler.c...
compiling finsh_init.c...
compiling finsh_node.c...
compiling finsh_parser.c...
compiling finsh_var.c...
compiling finsh_ops.c...
compiling finsh_vm.c...
compiling components.c...
compiling finsh_token.c...
linking...
.\build\rt-thread.axf: Warning: L6305W: Image does not have an entry point. (Not specified or not set due to multiple choices.)
Program Size: Code=31248 RO-data=2156 RW-data=308 ZI-data=3228  
Finished: 0 information, 1 warning and 0 error messages.
FromELF: creating hex file...
After Build - User command #1: fromelf --bin ".\obj\rt-thread.axf" --output ".\obj\rt-thread.bin"
".\obj\rt-thread.axf": Error: Q0122E: Could not open file '.\obj\rt-thread.axf': No such file or directory
Finished: 0 information, 0 warning and 1 error messages.
After Build - User command #2: fromelf --text -c ".\obj\rt-thread.axf" --output ".\obj\rt-thread.txt"
".\obj\rt-thread.axf": Error: Q0122E: Could not open file '.\obj\rt-thread.axf': No such file or directory
Finished: 0 information, 0 warning and 1 error messages.
".\build\rt-thread.axf" - 0 Error(s), 6 Warning(s).

<h2>Collection of Component include folders:</h2>
  E:\cynoware\RTthread\rt-threa\bsp\nuvoton_m05x\RTE
  C:\Keil_v5\ARM\PACK\ARM\CMSIS\4.5.0\Device\ARM\ARMCM0\Include

<h2>Collection of Component Files used:</h2>
Build Time Elapsed:  00:00:06
</pre>
</body>
</html>
