Component: ARM Compiler 5.06 update 3 (build 300) Tool: armlink [4d35c9]

==============================================================================

Section Cross References

    startup.o(i.assert_failed) refers to kservice.o(i.rt_kprintf) for rt_kprintf
    startup.o(i.main) refers to clk.o(i.CLK_EnableXtalRC) for CLK_EnableXtalRC
    startup.o(i.main) refers to clk.o(i.CLK_WaitClockReady) for CLK_WaitClockReady
    startup.o(i.main) refers to clk.o(i.CLK_SetHCLK) for CLK_SetHCLK
    startup.o(i.main) refers to clk.o(i.CLK_SetCoreClock) for CLK_SetCoreClock
    startup.o(i.main) refers to clk.o(i.CLK_EnableModuleClock) for CLK_EnableModuleClock
    startup.o(i.main) refers to clk.o(i.CLK_SetModuleClock) for CLK_SetModuleClock
    startup.o(i.main) refers to sys.o(i.SYS_ResetModule) for SYS_ResetModule
    startup.o(i.main) refers to uart.o(i.UART_Open) for UART_Open
    startup.o(i.main) refers to printf1.o(i.__0printf$1) for __2printf
    startup.o(i.main) refers to context_rvds.o(.text) for rt_hw_interrupt_disable
    startup.o(i.main) refers to board.o(i.rt_hw_board_init) for rt_hw_board_init
    startup.o(i.main) refers to kservice.o(i.rt_show_version) for rt_show_version
    startup.o(i.main) refers to src_timer.o(i.rt_system_timer_init) for rt_system_timer_init
    startup.o(i.main) refers to mem.o(i.rt_system_heap_init) for rt_system_heap_init
    startup.o(i.main) refers to scheduler.o(i.rt_system_scheduler_init) for rt_system_scheduler_init
    startup.o(i.main) refers to startup.o(i.rt_application_init) for rt_application_init
    startup.o(i.main) refers to src_timer.o(i.rt_system_timer_thread_init) for rt_system_timer_thread_init
    startup.o(i.main) refers to idle.o(i.rt_thread_idle_init) for rt_thread_idle_init
    startup.o(i.main) refers to scheduler.o(i.rt_system_scheduler_start) for rt_system_scheduler_start
    startup.o(i.main) refers to system_m051series.o(.data) for SystemCoreClock
    startup.o(i.rt_application_init) refers to thread.o(i.rt_thread_create) for rt_thread_create
    startup.o(i.rt_application_init) refers to thread.o(i.rt_thread_startup) for rt_thread_startup
    startup.o(i.rt_application_init) refers to startup.o(i.thread_entry) for thread_entry
    startup.o(i.rt_application_init) refers to startup.o(.data) for tid1
    startup.o(i.thread_entry) refers to kservice.o(i.rt_kprintf) for rt_kprintf
    startup.o(i.thread_entry) refers to thread.o(i.rt_thread_delay) for rt_thread_delay
    board.o(i.SysTick_Handler) refers to irq.o(i.rt_interrupt_enter) for rt_interrupt_enter
    board.o(i.SysTick_Handler) refers to clock.o(i.rt_tick_increase) for rt_tick_increase
    board.o(i.SysTick_Handler) refers to irq.o(i.rt_interrupt_leave) for rt_interrupt_leave
    board.o(i.rt_hw_board_init) refers to uidiv.o(.text) for __aeabi_uidivmod
    board.o(i.rt_hw_board_init) refers to board.o(i.NVIC_SetPriority) for NVIC_SetPriority
    board.o(i.rt_hw_board_init) refers to kservice.o(i.rt_console_set_device) for rt_console_set_device
    board.o(i.rt_hw_board_init) refers to components.o(i.rt_components_board_init) for rt_components_board_init
    board.o(i.rt_hw_board_init) refers to system_m051series.o(.data) for SystemCoreClock
    board.o(i.rt_hw_system_init) refers to clk.o(i.CLK_EnableXtalRC) for CLK_EnableXtalRC
    board.o(i.rt_hw_system_init) refers to clk.o(i.CLK_WaitClockReady) for CLK_WaitClockReady
    board.o(i.rt_hw_system_init) refers to clk.o(i.CLK_SetHCLK) for CLK_SetHCLK
    board.o(i.rt_hw_system_init) refers to clk.o(i.CLK_SetCoreClock) for CLK_SetCoreClock
    board.o(i.rt_hw_system_init) refers to clk.o(i.CLK_SetSysTickClockSrc) for CLK_SetSysTickClockSrc
    led.o(i.rt_hw_led_init) refers to gpio.o(i.GPIO_SetMode) for GPIO_SetMode
    led.o(.rti_fn.2) refers to led.o(i.rt_hw_led_init) for rt_hw_led_init
    usart.o(i.UART0_IRQHandler) refers to irq.o(i.rt_interrupt_enter) for rt_interrupt_enter
    usart.o(i.UART0_IRQHandler) refers to serial.o(i.rt_hw_serial_isr) for rt_hw_serial_isr
    usart.o(i.UART0_IRQHandler) refers to irq.o(i.rt_interrupt_leave) for rt_interrupt_leave
    usart.o(i.UART0_IRQHandler) refers to usart.o(.bss) for serial0
    usart.o(i.m05x_configure) refers to clk.o(i.CLK_EnableModuleClock) for CLK_EnableModuleClock
    usart.o(i.m05x_configure) refers to clk.o(i.CLK_SetModuleClock) for CLK_SetModuleClock
    usart.o(i.m05x_configure) refers to sys.o(i.SYS_ResetModule) for SYS_ResetModule
    usart.o(i.m05x_configure) refers to uart.o(i.UART_Open) for UART_Open
    usart.o(i.m05x_configure) refers to uart.o(i.UART_EnableInt) for UART_EnableInt
    usart.o(i.m05x_control) refers to uart.o(i.UART_DisableInt) for UART_DisableInt
    usart.o(i.m05x_control) refers to uart.o(i.UART_EnableInt) for UART_EnableInt
    usart.o(i.rt_hw_usart_init) refers to serial.o(i.rt_hw_serial_register) for rt_hw_serial_register
    usart.o(i.rt_hw_usart_init) refers to usart.o(.constdata) for .constdata
[...]
    i.rt_thread_idle_entry                   0x00006a98   Section        0  idle.o(i.rt_thread_idle_entry)
    rt_thread_idle_entry                     0x00006a99   Thumb Code     8  idle.o(i.rt_thread_idle_entry)
    i.rt_thread_idle_excute                  0x00006aa0   Section        0  idle.o(i.rt_thread_idle_excute)
    i.rt_thread_idle_init                    0x00006b1c   Section        0  idle.o(i.rt_thread_idle_init)
    i.rt_thread_init                         0x00006b58   Section        0  thread.o(i.rt_thread_init)
    i.rt_thread_resume                       0x00006b84   Section        0  thread.o(i.rt_thread_resume)
    i.rt_thread_self                         0x00006bbc   Section        0  thread.o(i.rt_thread_self)
    i.rt_thread_sleep                        0x00006bc8   Section        0  thread.o(i.rt_thread_sleep)
    i.rt_thread_startup                      0x00006c0c   Section        0  thread.o(i.rt_thread_startup)
    i.rt_thread_suspend                      0x00006c3c   Section        0  thread.o(i.rt_thread_suspend)
    i.rt_thread_timeout                      0x00006c72   Section        0  thread.o(i.rt_thread_timeout)
    i.rt_thread_timer_entry                  0x00006c94   Section        0  src_timer.o(i.rt_thread_timer_entry)
    rt_thread_timer_entry                    0x00006c95   Thumb Code    62  src_timer.o(i.rt_thread_timer_entry)
    i.rt_thread_yield                        0x00006cdc   Section        0  thread.o(i.rt_thread_yield)
    i.rt_tick_get                            0x00006d3c   Section        0  clock.o(i.rt_tick_get)
    i.rt_tick_increase                       0x00006d48   Section        0  clock.o(i.rt_tick_increase)
    i.rt_timer_check                         0x00006d78   Section        0  src_timer.o(i.rt_timer_check)
    i.rt_timer_control                       0x00006df8   Section        0  src_timer.o(i.rt_timer_control)
    i.rt_timer_detach                        0x00006e34   Section        0  src_timer.o(i.rt_timer_detach)
    i.rt_timer_init                          0x00006e54   Section        0  src_timer.o(i.rt_timer_init)
    i.rt_timer_list_next_timeout             0x00006e7a   Section        0  src_timer.o(i.rt_timer_list_next_timeout)
    rt_timer_list_next_timeout               0x00006e7b   Thumb Code    30  src_timer.o(i.rt_timer_list_next_timeout)
    i.rt_timer_start                         0x00006e98   Section        0  src_timer.o(i.rt_timer_start)
    i.rt_timer_stop                          0x00006fd4   Section        0  src_timer.o(i.rt_timer_stop)
    i.rt_vsnprintf                           0x00007004   Section        0  kservice.o(i.rt_vsnprintf)
    i.rti_board_end                          0x00007360   Section        0  components.o(i.rti_board_end)
    rti_board_end                            0x00007361   Thumb Code     4  components.o(i.rti_board_end)
    i.rti_board_start                        0x00007364   Section        0  components.o(i.rti_board_start)
    rti_board_start                          0x00007365   Thumb Code     4  components.o(i.rti_board_start)
    i.rti_end                                0x00007368   Section        0  components.o(i.rti_end)
    rti_end                                  0x00007369   Thumb Code     4  components.o(i.rti_end)
    i.rti_start                              0x0000736c   Section        0  components.o(i.rti_start)
    rti_start                                0x0000736d   Thumb Code     4  components.o(i.rti_start)
    i.shell_auto_complete                    0x00007370   Section        0  shell.o(i.shell_auto_complete)
    shell_auto_complete                      0x00007371   Thumb Code    28  shell.o(i.shell_auto_complete)
    i.show_wait_queue                        0x000073a0   Section        0  cmd.o(i.show_wait_queue)
    show_wait_queue                          0x000073a1   Thumb Code    40  cmd.o(i.show_wait_queue)
    i.skip_atoi                              0x000073d0   Section        0  kservice.o(i.skip_atoi)
    skip_atoi                                0x000073d1   Thumb Code    36  kservice.o(i.skip_atoi)
    i.str_common                             0x000073f4   Section        0  cmd.o(i.str_common)
    str_common                               0x000073f5   Thumb Code    36  cmd.o(i.str_common)
    i.str_is_prefix                          0x00007418   Section        0  cmd.o(i.str_is_prefix)
    str_is_prefix                            0x00007419   Thumb Code    36  cmd.o(i.str_is_prefix)
    i.thread_entry                           0x0000743c   Section        0  startup.o(i.thread_entry)
    thread_entry                             0x0000743d   Thumb Code    28  startup.o(i.thread_entry)
    i.token_get_string                       0x0000746c   Section        0  finsh_token.o(i.token_get_string)
    i.token_match_name                       0x000074e4   Section        0  finsh_token.o(i.token_match_name)
    token_match_name                         0x000074e5   Thumb Code    50  finsh_token.o(i.token_match_name)
    i.token_next_char                        0x0000751c   Section        0  finsh_token.o(i.token_next_char)
    token_next_char                          0x0000751d   Thumb Code    64  finsh_token.o(i.token_next_char)
    i.token_prev_char                        0x0000755c   Section        0  finsh_token.o(i.token_prev_char)
    token_prev_char                          0x0000755d   Thumb Code    26  finsh_token.o(i.token_prev_char)
    i.token_proc_char                        0x00007576   Section        0  finsh_token.o(i.token_proc_char)
    token_proc_char                          0x00007577   Thumb Code   162  finsh_token.o(i.token_proc_char)
    i.token_proc_escape                      0x00007618   Section        0  finsh_token.o(i.token_proc_escape)
    token_proc_escape                        0x00007619   Thumb Code   218  finsh_token.o(i.token_proc_escape)
    i.token_proc_number                      0x000076f2   Section        0  finsh_token.o(i.token_proc_number)
    token_proc_number                        0x000076f3   Thumb Code   288  finsh_token.o(i.token_proc_number)
    i.token_proc_string                      0x00007812   Section        0  finsh_token.o(i.token_proc_string)
    token_proc_string                        0x00007813   Thumb Code    82  finsh_token.o(i.token_proc_string)
    i.token_run                              0x00007864   Section        0  finsh_token.o(i.token_run)
    token_run                                0x00007865   Thumb Code   418  finsh_token.o(i.token_run)
    i.token_spec_number                      0x00007a06   Section        0  finsh_token.o(i.token_spec_number)
    token_spec_number                        0x00007a07   Thumb Code   156  finsh_token.o(i.token_spec_number)
    i.token_trim_space                       0x00007aa2   Section        0  finsh_token.o(i.token_trim_space)
    token_trim_space                         0x00007aa3   Thumb Code    34  finsh_token.o(i.token_trim_space)
    i.version                                0x00007ac4   Section        0  cmd.o(i.version)
    .constdata                               0x00007ad0   Section       32  system_m051series.o(.constdata)
    .constdata                               0x00007af0   Section       48  uart.o(.constdata)
    .constdata                               0x00007b20   Section      290  kservice.o(.constdata)
    small_digits                             0x00007c20   Data          17  kservice.o(.constdata)
    large_digits                             0x00007c31   Data          17  kservice.o(.constdata)
    .constdata                               0x00007c44   Section       80  cmd.o(.constdata)
    .constdata                               0x00007c94   Section      196  finsh_ops.o(.constdata)
    .constdata                               0x00007d58   Section       64  finsh_token.o(.constdata)
    finsh_name_table                         0x00007d58   Data          64  finsh_token.o(.constdata)
    .constdata                               0x00007d98   Section      129  ctype_o.o(.constdata)
    .constdata                               0x00007e1c   Section        4  ctype_o.o(.constdata)
    table                                    0x00007e1c   Data           4  ctype_o.o(.constdata)
    .conststring                             0x00007e20   Section      349  cmd.o(.conststring)
    .conststring                             0x00007f80   Section      243  finsh_error.o(.conststring)
    .conststring                             0x00008074   Section       62  finsh_token.o(.conststring)
    .rodata.name                             0x000080b2   Section       39  mem.o(.rodata.name)
    .rodata.name                             0x000080d9   Section      251  cmd.o(.rodata.name)
    .rti_fn.0                                0x000081d4   Section        4  components.o(.rti_fn.0)
    .rti_fn.0.end                            0x000081d8   Section        4  components.o(.rti_fn.0.end)
    .rti_fn.1.end                            0x000081dc   Section        4  components.o(.rti_fn.1.end)
    .rti_fn.2                                0x000081e0   Section        4  led.o(.rti_fn.2)
    .rti_fn.3                                0x000081e4   Section        4  shell.o(.rti_fn.3)
    .rti_fn.6.end                            0x000081e8   Section        4  components.o(.rti_fn.6.end)
    FSymTab                                  0x000081ec   Section       12  mem.o(FSymTab)
    FSymTab                                  0x000081f8   Section       84  cmd.o(FSymTab)
    VSymTab                                  0x0000826c   Section       16  cmd.o(VSymTab)
    .data                                    0x20000000   Section        8  startup.o(.data)
    tid1                                     0x20000000   Data           4  startup.o(.data)
    tid2                                     0x20000004   Data           4  startup.o(.data)
    .data                                    0x20000008   Section       12  system_m051series.o(.data)
    .data                                    0x20000014   Section        4  clock.o(.data)
    rt_tick                                  0x20000014   Data           4  clock.o(.data)
    .data                                    0x20000018   Section        1  irq.o(.data)
    .data                                    0x2000001c   Section        8  kservice.o(.data)
    _errno                                   0x2000001c   Data           4  kservice.o(.data)
    _console_device                          0x20000020   Data           4  kservice.o(.data)
    .data                                    0x20000024   Section       24  mem.o(.data)
    heap_ptr                                 0x20000024   Data           4  mem.o(.data)
    heap_end                                 0x20000028   Data           4  mem.o(.data)
    lfree                                    0x2000002c   Data           4  mem.o(.data)
    mem_size_aligned                         0x20000030   Data           4  mem.o(.data)
    used_mem                                 0x20000034   Data           4  mem.o(.data)
    max_mem                                  0x20000038   Data           4  mem.o(.data)
    .data                                    0x2000003c   Section       64  object.o(.data)
    .data                                    0x2000007c   Section       24  scheduler.o(.data)
    rt_scheduler_lock_nest                   0x2000007c   Data           2  scheduler.o(.data)
    .data                                    0x20000094   Section       20  src_timer.o(.data)
    rt_timer_list                            0x20000094   Data           8  src_timer.o(.data)
    rt_soft_timer_list                       0x2000009c   Data           8  src_timer.o(.data)
    random_nr                                0x200000a4   Data           4  src_timer.o(.data)
    .data                                    0x200000a8   Section       12  cpuport.o(.data)
    .data                                    0x200000b4   Section        4  shell.o(.data)
    .data                                    0x200000b8   Section       16  symbol.o(.data)
    .data                                    0x200000c8   Section        4  cmd.o(.data)
    dummy                                    0x200000c8   Data           4  cmd.o(.data)
    .data                                    0x200000cc   Section        8  finsh_compiler.o(.data)
    .data                                    0x200000d4   Section       64  finsh_error.o(.data)
    finsh_error_string_table                 0x200000d8   Data          60  finsh_error.o(.data)
    .data                                    0x20000114   Section        8  finsh_heap.o(.data)
    free_list                                0x20000114   Data           4  finsh_heap.o(.data)
    allocate_list                            0x20000118   Data           4  finsh_heap.o(.data)
    .data                                    0x2000011c   Section        4  finsh_var.o(.data)
    .data                                    0x20000120   Section       12  finsh_vm.o(.data)
    .data                                    0x2000012c   Section        4  stdout.o(.data)
    .data                                    0x20000130   Section        4  errno.o(.data)
    _errno                                   0x20000130   Data           4  errno.o(.data)
    .bss                                     0x20000134   Section       84  usart.o(.bss)
    .bss                                     0x20000188   Section      248  idle.o(.bss)
    idle                                     0x20000188   Data         120  idle.o(.bss)
    rt_thread_stack                          0x20000200   Data         128  idle.o(.bss)
    .bss                                     0x20000280   Section       64  kservice.o(.bss)
    rt_log_buf                               0x20000280   Data          64  kservice.o(.bss)
    .bss                                     0x200002c0   Section       32  mem.o(.bss)
    heap_sem                                 0x200002c0   Data          32  mem.o(.bss)
    .bss                                     0x200002e0   Section      256  scheduler.o(.bss)
    .bss                                     0x200003e0   Section      632  src_timer.o(.bss)
    timer_thread                             0x200003e0   Data         120  src_timer.o(.bss)
    timer_thread_stack                       0x20000458   Data         512  src_timer.o(.bss)
    .bss                                     0x20000658   Section      632  shell.o(.bss)
    finsh_thread                             0x20000658   Data         120  shell.o(.bss)
    finsh_thread_stack                       0x200006d0   Data         512  shell.o(.bss)
    .bss                                     0x200008d0   Section      128  finsh_heap.o(.bss)
    .bss                                     0x20000950   Section      320  finsh_node.o(.bss)
    .bss                                     0x20000a90   Section      192  finsh_var.o(.bss)
    .bss                                     0x20000b50   Section      384  finsh_vm.o(.bss)
    STACK                                    0x20000cd0   Section      256  startup_m051series.o(STACK)

    Global Symbols

    Symbol Name                              Value     Ov Type        Size  Object(Section)

    BuildAttributes$$THM_ISAv3M$S$PE$A:L22$X:L11$S22$IEEE1$IW$USESV6$~STKCKD$USESV7$~SHL$OSPACE$ROPI$EBA8$MICROLIB$REQ8$PRES8$EABIv2 0x00000000   Number         0  anon$$obj.o ABSOLUTE
    __ARM_use_no_argv                        0x00000000   Number         0  startup.o ABSOLUTE
    __Vectors                                0x00000000   Data           4  startup_m051series.o(RESET)
    _printf_a                                0x00000000   Number         0  stubs.o ABSOLUTE
    _printf_c                                0x00000000   Number         0  stubs.o ABSOLUTE
    _printf_charcount                        0x00000000   Number         0  stubs.o ABSOLUTE
    _printf_d                                0x00000000   Number         0  stubs.o ABSOLUTE
    _printf_e                                0x00000000   Number         0  stubs.o ABSOLUTE
    _printf_f                                0x00000000   Number         0  stubs.o ABSOLUTE
    _printf_flags                            0x00000000   Number         0  stubs.o ABSOLUTE
    _printf_fp_dec                           0x00000000   Number         0  stubs.o ABSOLUTE
    _printf_fp_hex                           0x00000000   Number         0  stubs.o ABSOLUTE
    _printf_g                                0x00000000   Number         0  stubs.o ABSOLUTE
    _printf_i                                0x00000000   Number         0  stubs.o ABSOLUTE
    _printf_int_dec                          0x00000000   Number         0  stubs.o ABSOLUTE
    _printf_l                                0x00000000   Number         0  stubs.o ABSOLUTE
    _printf_lc                               0x00000000   Number         0  stubs.o ABSOLUTE
    _printf_ll                               0x00000000   Number         0  stubs.o ABSOLUTE
    _printf_lld                              0x00000000   Number         0  stubs.o ABSOLUTE
    _printf_lli                              0x00000000   Number         0  stubs.o ABSOLUTE
    _printf_llo                              0x00000000   Number         0  stubs.o ABSOLUTE
    _printf_llu                              0x00000000   Number         0  stubs.o ABSOLUTE
    _printf_llx                              0x00000000   Number         0  stubs.o ABSOLUTE
    _printf_longlong_dec                     0x00000000   Number         0  stubs.o ABSOLUTE
    _printf_longlong_hex                     0x00000000   Number         0  stubs.o ABSOLUTE
    _printf_longlong_oct                     0x00000000   Number         0  stubs.o ABSOLUTE
    _printf_ls                               0x00000000   Number         0  stubs.o ABSOLUTE
    _printf_mbtowc                           0x00000000   Number         0  stubs.o ABSOLUTE
    _printf_n                                0x00000000   Number         0  stubs.o ABSOLUTE
    _printf_o                                0x00000000   Number         0  stubs.o ABSOLUTE
    _printf_p                                0x00000000   Number         0  stubs.o ABSOLUTE
    _printf_percent                          0x00000000   Number         0  stubs.o ABSOLUTE
    _printf_pre_padding                      0x00000000   Number         0  stubs.o ABSOLUTE
    _printf_return_value                     0x00000000   Number         0  stubs.o ABSOLUTE
    _printf_s                                0x00000000   Number         0  stubs.o ABSOLUTE
    _printf_sizespec                         0x00000000   Number         0  stubs.o ABSOLUTE
    _printf_str                              0x00000000   Number         0  stubs.o ABSOLUTE
    _printf_truncate_signed                  0x00000000   Number         0  stubs.o ABSOLUTE
    _printf_truncate_unsigned                0x00000000   Number         0  stubs.o ABSOLUTE
    _printf_u                                0x00000000   Number         0  stubs.o ABSOLUTE
    _printf_wc                               0x00000000   Number         0  stubs.o ABSOLUTE
    _printf_wctomb                           0x00000000   Number         0  stubs.o ABSOLUTE
    _printf_widthprec                        0x00000000   Number         0  stubs.o ABSOLUTE
    _printf_x                                0x00000000   Number         0  stubs.o ABSOLUTE
    __cpp_initialize__aeabi_                  - Undefined Weak Reference
    __cxa_finalize                            - Undefined Weak Reference
    _clock_init                               - Undefined Weak Reference
    _microlib_exit                            - Undefined Weak Reference
    __main                                   0x000000c1   Thumb Code     0  entry.o(.ARM.Collect$$$$00000000)
    _main_stk                                0x000000c1   Thumb Code     0  entry2.o(.ARM.Collect$$$$00000001)
    _main_scatterload                        0x000000c5   Thumb Code     0  entry5.o(.ARM.Collect$$$$00000004)
    __main_after_scatterload                 0x000000c9   Thumb Code     0  entry5.o(.ARM.Collect$$$$00000004)
    _main_clock                              0x000000c9   Thumb Code     0  entry7b.o(.ARM.Collect$$$$00000008)
    _main_cpp_init                           0x000000c9   Thumb Code     0  entry8b.o(.ARM.Collect$$$$0000000A)
    _main_init                               0x000000c9   Thumb Code     0  entry9a.o(.ARM.Collect$$$$0000000B)
    __rt_final_cpp                           0x000000d1   Thumb Code     0  entry10a.o(.ARM.Collect$$$$0000000D)
    __rt_final_exit                          0x000000d1   Thumb Code     0  entry11a.o(.ARM.Collect$$$$0000000F)
    Reset_Handler                            0x000000d5   Thumb Code    32  startup_m051series.o(.text)
    NMI_Handler                              0x000000f5   Thumb Code     2  startup_m051series.o(.text)
    SVC_Handler                              0x000000f9   Thumb Code     2  startup_m051series.o(.text)
    ACMP01_IRQHandler                        0x000000ff   Thumb Code     0  startup_m051series.o(.text)
    ACMP23_IRQHandler                        0x000000ff   Thumb Code     0  startup_m051series.o(.text)
    ADC_IRQHandler                           0x000000ff   Thumb Code     0  startup_m051series.o(.text)
    BOD_IRQHandler                           0x000000ff   Thumb Code     0  startup_m051series.o(.text)
    EINT0_IRQHandler                         0x000000ff   Thumb Code     0  startup_m051series.o(.text)
    EINT1_IRQHandler                         0x000000ff   Thumb Code     0  startup_m051series.o(.text)
    GPIOP0P1_IRQHandler                      0x000000ff   Thumb Code     0  startup_m051series.o(.text)
    GPIOP2P3P4_IRQHandler                    0x000000ff   Thumb Code     0  startup_m051series.o(.text)
    I2C0_IRQHandler                          0x000000ff   Thumb Code     0  startup_m051series.o(.text)
    I2C1_IRQHandler                          0x000000ff   Thumb Code     0  startup_m051series.o(.text)
    PWMA_IRQHandler                          0x000000ff   Thumb Code     0  startup_m051series.o(.text)
    PWMB_IRQHandler                          0x000000ff   Thumb Code     0  startup_m051series.o(.text)
    PWRWU_IRQHandler                         0x000000ff   Thumb Code     0  startup_m051series.o(.text)
    RTC_IRQHandler                           0x000000ff   Thumb Code     0  startup_m051series.o(.text)
    SPI0_IRQHandler                          0x000000ff   Thumb Code     0  startup_m051series.o(.text)
    SPI1_IRQHandler                          0x000000ff   Thumb Code     0  startup_m051series.o(.text)
    TMR0_IRQHandler                          0x000000ff   Thumb Code     0  startup_m051series.o(.text)
    TMR1_IRQHandler                          0x000000ff   Thumb Code     0  startup_m051series.o(.text)
    TMR2_IRQHandler                          0x000000ff   Thumb Code     0  startup_m051series.o(.text)
    TMR3_IRQHandler                          0x000000ff   Thumb Code     0  startup_m051series.o(.text)
    UART1_IRQHandler                         0x000000ff   Thumb Code     0  startup_m051series.o(.text)
    WDT_IRQHandler                           0x000000ff   Thumb Code     0  startup_m051series.o(.text)
    rt_hw_interrupt_disable                  0x00000121   Thumb Code     8  context_rvds.o(.text)
    rt_hw_interrupt_enable                   0x00000129   Thumb Code     6  context_rvds.o(.text)
    rt_hw_context_switch                     0x0000012f   Thumb Code    28  context_rvds.o(.text)
    rt_hw_context_switch_interrupt           0x0000012f   Thumb Code     0  context_rvds.o(.text)
    PendSV_Handler                           0x0000014b   Thumb Code    84  context_rvds.o(.text)
    rt_hw_context_switch_to                  0x0000019f   Thumb Code    44  context_rvds.o(.text)
    rt_hw_interrupt_thread_switch            0x000001cb   Thumb Code     2  context_rvds.o(.text)
    HardFault_Handler                        0x000001cd   Thumb Code    12  context_rvds.o(.text)
    __aeabi_uidiv                            0x000001f9   Thumb Code     0  uidiv.o(.text)
    __aeabi_uidivmod                         0x000001f9   Thumb Code    44  uidiv.o(.text)
    __aeabi_idiv                             0x00000225   Thumb Code     0  idiv.o(.text)
    __aeabi_idivmod                          0x00000225   Thumb Code    40  idiv.o(.text)
    __aeabi_memcpy                           0x0000024d   Thumb Code    36  memcpya.o(.text)
    __aeabi_memcpy4                          0x0000024d   Thumb Code     0  memcpya.o(.text)
    __aeabi_memcpy8                          0x0000024d   Thumb Code     0  memcpya.o(.text)
    __aeabi_memset                           0x00000271   Thumb Code    14  memseta.o(.text)
    __aeabi_memset4                          0x00000271   Thumb Code     0  memseta.o(.text)
    __aeabi_memset8                          0x00000271   Thumb Code     0  memseta.o(.text)
    __aeabi_memclr                           0x0000027f   Thumb Code     4  memseta.o(.text)
    __aeabi_memclr4                          0x0000027f   Thumb Code     0  memseta.o(.text)
    __aeabi_memclr8                          0x0000027f   Thumb Code     0  memseta.o(.text)
    _memset$wrapper                          0x00000283   Thumb Code    18  memseta.o(.text)
    strncpy                                  0x00000295   Thumb Code    26  strncpy.o(.text)
    strlen                                   0x000002af   Thumb Code    14  strlen.o(.text)
    strcmp                                   0x000002bd   Thumb Code    28  strcmp.o(.text)
    strncmp                                  0x000002d9   Thumb Code    30  strncmp.o(.text)
    atoi                                     0x000002f7   Thumb Code    26  atoi.o(.text)
    strtol                                   0x00000311   Thumb Code   108  strtol.o(.text)
    __scatterload                            0x00000381   Thumb Code    28  init.o(.text)
    __scatterload_rt2                        0x00000381   Thumb Code     0  init.o(.text)
    __rt_ctype_table                         0x000003a5   Thumb Code     4  ctype_o.o(.text)
    _strtoul                                 0x000003ad   Thumb Code   166  _strtoul.o(.text)
    _chval                                   0x00000453   Thumb Code    30  _chval.o(.text)
    __decompress                             0x00000471   Thumb Code     0  __dczerorl2.o(.text)
    __decompress1                            0x00000471   Thumb Code    86  __dczerorl2.o(.text)
    CLK_EnableModuleClock                    0x000004c9   Thumb Code    32  clk.o(i.CLK_EnableModuleClock)
    CLK_EnablePLL                            0x000004ed   Thumb Code   258  clk.o(i.CLK_EnablePLL)
    CLK_EnableXtalRC                         0x00000615   Thumb Code    12  clk.o(i.CLK_EnableXtalRC)
    CLK_SetCoreClock                         0x000007a5   Thumb Code    70  clk.o(i.CLK_SetCoreClock)
    CLK_SetHCLK                              0x000007f9   Thumb Code    38  clk.o(i.CLK_SetHCLK)
    CLK_SetModuleClock                       0x00000825   Thumb Code    94  clk.o(i.CLK_SetModuleClock)
    CLK_WaitClockReady                       0x00000889   Thumb Code    28  clk.o(i.CLK_WaitClockReady)
    GPIO_SetMode                             0x000008ad   Thumb Code    46  gpio.o(i.GPIO_SetMode)
    OP_add_byte                              0x00000955   Thumb Code    44  finsh_ops.o(i.OP_add_byte)
    OP_add_dword                             0x00000985   Thumb Code    42  finsh_ops.o(i.OP_add_dword)
    OP_add_word                              0x000009b5   Thumb Code    44  finsh_ops.o(i.OP_add_word)
    OP_and_byte                              0x000009e5   Thumb Code    42  finsh_ops.o(i.OP_and_byte)
    OP_and_dword                             0x00000a15   Thumb Code    42  finsh_ops.o(i.OP_and_dword)
    OP_and_word                              0x00000a45   Thumb Code    46  finsh_ops.o(i.OP_and_word)
    OP_bw_byte                               0x00000a79   Thumb Code    22  finsh_ops.o(i.OP_bw_byte)
    OP_bw_dword                              0x00000a95   Thumb Code    20  finsh_ops.o(i.OP_bw_dword)
    OP_bw_word                               0x00000aad   Thumb Code    22  finsh_ops.o(i.OP_bw_word)
    OP_call                                  0x00000ac9   Thumb Code   898  finsh_ops.o(i.OP_call)
    OP_div_byte                              0x00000e55   Thumb Code    48  finsh_ops.o(i.OP_div_byte)
    OP_div_dword                             0x00000e89   Thumb Code    46  finsh_ops.o(i.OP_div_dword)
    OP_div_word                              0x00000ebd   Thumb Code    52  finsh_ops.o(i.OP_div_word)
    OP_ld_byte                               0x00000ef5   Thumb Code    34  finsh_ops.o(i.OP_ld_byte)
    OP_ld_dword                              0x00000f21   Thumb Code    64  finsh_ops.o(i.OP_ld_dword)
    OP_ld_value_byte                         0x00000f69   Thumb Code    68  finsh_ops.o(i.OP_ld_value_byte)
    OP_ld_value_byte_stack                   0x00000fb5   Thumb Code    20  finsh_ops.o(i.OP_ld_value_byte_stack)
    OP_ld_value_dword                        0x00000fcd   Thumb Code    68  finsh_ops.o(i.OP_ld_value_dword)
    OP_ld_value_dword_stack                  0x00001019   Thumb Code    20  finsh_ops.o(i.OP_ld_value_dword_stack)
    OP_ld_value_word                         0x00001031   Thumb Code    68  finsh_ops.o(i.OP_ld_value_word)
    OP_ld_value_word_stack                   0x0000107d   Thumb Code    20  finsh_ops.o(i.OP_ld_value_word_stack)
    OP_ld_word                               0x00001095   Thumb Code    46  finsh_ops.o(i.OP_ld_word)
    OP_mod_byte                              0x000010cd   Thumb Code    46  finsh_ops.o(i.OP_mod_byte)
    OP_mod_dword                             0x00001101   Thumb Code    46  finsh_ops.o(i.OP_mod_dword)
    OP_mod_word                              0x00001135   Thumb Code    50  finsh_ops.o(i.OP_mod_word)
    OP_mul_byte                              0x0000116d   Thumb Code    44  finsh_ops.o(i.OP_mul_byte)
    OP_mul_dword                             0x0000119d   Thumb Code    42  finsh_ops.o(i.OP_mul_dword)
    OP_mul_word                              0x000011cd   Thumb Code    44  finsh_ops.o(i.OP_mul_word)
    OP_no_op                                 0x000011fd   Thumb Code     2  finsh_ops.o(i.OP_no_op)
    OP_or_byte                               0x00001201   Thumb Code    42  finsh_ops.o(i.OP_or_byte)
    OP_or_dword                              0x00001231   Thumb Code    42  finsh_ops.o(i.OP_or_dword)
    OP_or_word                               0x00001261   Thumb Code    46  finsh_ops.o(i.OP_or_word)
    OP_pop                                   0x00001295   Thumb Code    12  finsh_ops.o(i.OP_pop)
    OP_shl_byte                              0x000012a5   Thumb Code    44  finsh_ops.o(i.OP_shl_byte)
    OP_shl_dword                             0x000012d5   Thumb Code    42  finsh_ops.o(i.OP_shl_dword)
    OP_shl_word                              0x00001305   Thumb Code    44  finsh_ops.o(i.OP_shl_word)
    OP_shr_byte                              0x00001335   Thumb Code    42  finsh_ops.o(i.OP_shr_byte)
    OP_shr_dword                             0x00001365   Thumb Code    42  finsh_ops.o(i.OP_shr_dword)
    OP_shr_word                              0x00001395   Thumb Code    44  finsh_ops.o(i.OP_shr_word)
    OP_st_byte                               0x000013c5   Thumb Code    30  finsh_ops.o(i.OP_st_byte)
    OP_st_dword                              0x000013e9   Thumb Code    30  finsh_ops.o(i.OP_st_dword)
    OP_st_word                               0x0000140d   Thumb Code    30  finsh_ops.o(i.OP_st_word)
    OP_sub_byte                              0x00001431   Thumb Code    44  finsh_ops.o(i.OP_sub_byte)
    OP_sub_dword                             0x00001461   Thumb Code    42  finsh_ops.o(i.OP_sub_dword)
    OP_sub_word                              0x00001491   Thumb Code    44  finsh_ops.o(i.OP_sub_word)
    OP_xor_byte                              0x000014c1   Thumb Code    42  finsh_ops.o(i.OP_xor_byte)
    OP_xor_dword                             0x000014f1   Thumb Code    42  finsh_ops.o(i.OP_xor_dword)
    OP_xor_word                              0x00001521   Thumb Code    46  finsh_ops.o(i.OP_xor_word)
    SYS_ResetModule                          0x00001555   Thumb Code    46  sys.o(i.SYS_ResetModule)
    SendChar                                 0x00001589   Thumb Code    12  printf.o(i.SendChar)
    SendChar_ToUART                          0x00001595   Thumb Code    48  printf.o(i.SendChar_ToUART)
    SysTick_Handler                          0x000015c9   Thumb Code    16  board.o(i.SysTick_Handler)
    SystemCoreClockUpdate                    0x000015d9   Thumb Code    76  system_m051series.o(i.SystemCoreClockUpdate)
    SystemInit                               0x0000163d   Thumb Code   152  system_m051series.o(i.SystemInit)
    UART0_IRQHandler                         0x000016f1   Thumb Code    32  usart.o(i.UART0_IRQHandler)
    UART_Open                                0x00001719   Thumb Code   130  uart.o(i.UART_Open)
    __0printf$1                              0x000017ad   Thumb Code    24  printf1.o(i.__0printf$1)
    __1printf$1                              0x000017ad   Thumb Code     0  printf1.o(i.__0printf$1)
    __2printf                                0x000017ad   Thumb Code     0  printf1.o(i.__0printf$1)
    __ARM_common_switch8                     0x000017cd   Thumb Code    28  ebi.o(i.__ARM_common_switch8)
    __aeabi_errno_addr                       0x000017e9   Thumb Code     4  errno.o(i.__aeabi_errno_addr)
    __rt_errno_addr                          0x000017e9   Thumb Code     0  errno.o(i.__aeabi_errno_addr)
    __rt_ffs                                 0x000017f1   Thumb Code    86  kservice.o(i.__rt_ffs)
    __scatterload_copy                       0x0000184d   Thumb Code    14  handlers.o(i.__scatterload_copy)
    __scatterload_null                       0x0000185b   Thumb Code     2  handlers.o(i.__scatterload_null)
    __scatterload_zeroinit                   0x0000185d   Thumb Code    14  handlers.o(i.__scatterload_zeroinit)
    finsh_compiler_run                       0x0000371d   Thumb Code    90  finsh_compiler.o(i.finsh_compiler_run)
    finsh_errno                              0x00003789   Thumb Code     6  finsh_error.o(i.finsh_errno)
    finsh_error_init                         0x00003795   Thumb Code     8  finsh_error.o(i.finsh_error_init)
    finsh_error_set                          0x000037a1   Thumb Code    10  finsh_error.o(i.finsh_error_set)
    finsh_error_string                       0x000037b1   Thumb Code    10  finsh_error.o(i.finsh_error_string)
    finsh_flush                              0x000037c1   Thumb Code    22  finsh_init.o(i.finsh_flush)
    finsh_heap_allocate                      0x000037d9   Thumb Code   114  finsh_heap.o(i.finsh_heap_allocate)
    finsh_heap_free                          0x00003855   Thumb Code    34  finsh_heap.o(i.finsh_heap_free)
    finsh_heap_init                          0x000038d5   Thumb Code    36  finsh_heap.o(i.finsh_heap_init)
    finsh_init                               0x00003905   Thumb Code    30  finsh_init.o(i.finsh_init)
    finsh_node_allocate                      0x00003925   Thumb Code    52  finsh_node.o(i.finsh_node_allocate)
    finsh_node_init                          0x0000395d   Thumb Code    16  finsh_node.o(i.finsh_node_init)
    finsh_node_new_char                      0x00003971   Thumb Code    32  finsh_node.o(i.finsh_node_new_char)
    finsh_node_new_id                        0x00003991   Thumb Code   124  finsh_node.o(i.finsh_node_new_id)
    finsh_node_new_int                       0x00003a0d   Thumb Code    32  finsh_node.o(i.finsh_node_new_int)
    finsh_node_new_long                      0x00003a2d   Thumb Code    32  finsh_node.o(i.finsh_node_new_long)
    finsh_node_new_ptr                       0x00003a4d   Thumb Code    32  finsh_node.o(i.finsh_node_new_ptr)
    finsh_node_new_string                    0x00003a6d   Thumb Code    76  finsh_node.o(i.finsh_node_new_string)
    finsh_parser_init                        0x00003ab9   Thumb Code    16  finsh_parser.o(i.finsh_parser_init)
    finsh_parser_run                         0x00003ac9   Thumb Code   230  finsh_parser.o(i.finsh_parser_run)
    finsh_run_line                           0x00003bb1   Thumb Code   166  shell.o(i.finsh_run_line)
    finsh_stack_bottom                       0x00003ca1   Thumb Code     6  finsh_init.o(i.finsh_stack_bottom)
    finsh_syscall_lookup                     0x00003cad   Thumb Code    78  finsh_vm.o(i.finsh_syscall_lookup)
    finsh_system_function_init               0x00003d09   Thumb Code    10  shell.o(i.finsh_system_function_init)
    finsh_system_init                        0x00003d1d   Thumb Code   124  shell.o(i.finsh_system_init)
    finsh_system_var_init                    0x00003de1   Thumb Code    10  shell.o(i.finsh_system_var_init)
    finsh_sysvar_lookup                      0x00003df5   Thumb Code    78  finsh_var.o(i.finsh_sysvar_lookup)
    finsh_thread_entry                       0x00003e51   Thumb Code  1324  shell.o(i.finsh_thread_entry)
    finsh_token_init                         0x0000438d   Thumb Code    20  finsh_token.o(i.finsh_token_init)
    finsh_token_token                        0x000043a1   Thumb Code    26  finsh_token.o(i.finsh_token_token)
    finsh_var_init                           0x00004525   Thumb Code    14  finsh_var.o(i.finsh_var_init)
    finsh_var_insert                         0x00004539   Thumb Code   106  finsh_var.o(i.finsh_var_insert)
    finsh_var_lookup                         0x000045a9   Thumb Code    56  finsh_var.o(i.finsh_var_lookup)
    finsh_vm_run                             0x000045e5   Thumb Code    62  finsh_vm.o(i.finsh_vm_run)
    fputc                                    0x00004639   Thumb Code    16  printf.o(i.fputc)
    hello                                    0x00004649   Thumb Code    12  cmd.o(i.hello)
    list                                     0x00004669   Thumb Code   128  cmd.o(i.list)
    list_device                              0x00004745   Thumb Code    10  cmd.o(i.list_device)
    list_mem                                 0x00004755   Thumb Code    34  mem.o(i.list_mem)
    list_prefix                              0x000047cd   Thumb Code   474  cmd.o(i.list_prefix)
    list_sem                                 0x00004a05   Thumb Code    10  cmd.o(i.list_sem)
    list_thread                              0x00004a15   Thumb Code    10  cmd.o(i.list_thread)
    list_timer                               0x00004a25   Thumb Code    10  cmd.o(i.list_timer)
    main                                     0x00004a35   Thumb Code   294  startup.o(i.main)
    rt_application_init                      0x000056a5   Thumb Code   106  startup.o(i.rt_application_init)
    rt_completion_done                       0x00005725   Thumb Code    74  completion.o(i.rt_completion_done)
    rt_components_board_init                 0x00005771   Thumb Code    20  components.o(i.rt_components_board_init)
    rt_console_get_device                    0x0000578d   Thumb Code     6  kservice.o(i.rt_console_get_device)
    rt_console_set_device                    0x00005799   Thumb Code    52  kservice.o(i.rt_console_set_device)
    rt_data_queue_peak                       0x000057d1   Thumb Code    78  dataqueue.o(i.rt_data_queue_peak)
    rt_data_queue_pop                        0x0000581f   Thumb Code   260  dataqueue.o(i.rt_data_queue_pop)
    rt_device_close                          0x00005923   Thumb Code    64  device.o(i.rt_device_close)
    rt_device_find                           0x00005965   Thumb Code    80  device.o(i.rt_device_find)
    rt_device_open                           0x000059b9   Thumb Code   124  device.o(i.rt_device_open)
    rt_device_read                           0x00005a6d   Thumb Code    60  device.o(i.rt_device_read)
    rt_device_set_rx_indicate                0x00005aa9   Thumb Code     8  device.o(i.rt_device_set_rx_indicate)
    rt_device_write                          0x00005ab1   Thumb Code    60  device.o(i.rt_device_write)
    rt_enter_critical                        0x00005bb1   Thumb Code    28  scheduler.o(i.rt_enter_critical)
    rt_exit_critical                         0x00005bd1   Thumb Code    56  scheduler.o(i.rt_exit_critical)
    rt_free                                  0x00005c0d   Thumb Code   100  mem.o(i.rt_free)
    rt_hw_board_init                         0x00005c85   Thumb Code    64  board.o(i.rt_hw_board_init)
    rt_hw_console_output                     0x00005cd9   Thumb Code     2  kservice.o(i.rt_hw_console_output)
    rt_hw_hard_fault_exception               0x00005cdd   Thumb Code    84  cpuport.o(i.rt_hw_hard_fault_exception)
    rt_hw_led_init                           0x00005dd1   Thumb Code    16  led.o(i.rt_hw_led_init)
    rt_hw_serial_isr                         0x00005de5   Thumb Code   344  serial.o(i.rt_hw_serial_isr)
    rt_hw_stack_init                         0x00005f3d   Thumb Code    58  cpuport.o(i.rt_hw_stack_init)
    rt_interrupt_enter                       0x00005f7d   Thumb Code    26  irq.o(i.rt_interrupt_enter)
    rt_interrupt_get_nest                    0x00005f9d   Thumb Code     6  irq.o(i.rt_interrupt_get_nest)
    rt_interrupt_leave                       0x00005fa9   Thumb Code    26  irq.o(i.rt_interrupt_leave)
    rt_kprintf                               0x0000603d   Thumb Code   100  kservice.o(i.rt_kprintf)
    rt_malloc                                0x00006165   Thumb Code   334  mem.o(i.rt_malloc)
    rt_memmove                               0x000062d1   Thumb Code    66  kservice.o(i.rt_memmove)
    rt_memset                                0x00006313   Thumb Code    76  kservice.o(i.rt_memset)
    rt_object_allocate                       0x00006361   Thumb Code    68  object.o(i.rt_object_allocate)
    rt_object_delete                         0x000063a9   Thumb Code    32  object.o(i.rt_object_delete)
    rt_object_detach                         0x000063c9   Thumb Code    26  object.o(i.rt_object_detach)
    rt_object_init                           0x000063e5   Thumb Code    54  object.o(i.rt_object_init)
    rt_object_is_systemobject                0x00006421   Thumb Code    20  object.o(i.rt_object_is_systemobject)
    rt_schedule                              0x00006435   Thumb Code    98  scheduler.o(i.rt_schedule)
    rt_schedule_insert_thread                0x000064b1   Thumb Code    64  scheduler.o(i.rt_schedule_insert_thread)
    rt_schedule_remove_thread                0x000064f9   Thumb Code    78  scheduler.o(i.rt_schedule_remove_thread)
    rt_sem_init                              0x00006551   Thumb Code    34  ipc.o(i.rt_sem_init)
    rt_sem_release                           0x00006573   Thumb Code    68  ipc.o(i.rt_sem_release)
    rt_sem_take                              0x000065b7   Thumb Code   120  ipc.o(i.rt_sem_take)
    rt_set_errno                             0x00006631   Thumb Code    40  kservice.o(i.rt_set_errno)
    rt_show_version                          0x0000665d   Thumb Code    38  kservice.o(i.rt_show_version)
    rt_soft_timer_check                      0x0000670d   Thumb Code   122  src_timer.o(i.rt_soft_timer_check)
    rt_strlen                                0x00006791   Thumb Code    18  kservice.o(i.rt_strlen)
    rt_strncmp                               0x000067a3   Thumb Code    42  kservice.o(i.rt_strncmp)
    rt_strncpy                               0x000067cd   Thumb Code    56  kservice.o(i.rt_strncpy)
    rt_system_heap_init                      0x00006805   Thumb Code   154  mem.o(i.rt_system_heap_init)
    rt_system_scheduler_init                 0x000068f9   Thumb Code    52  scheduler.o(i.rt_system_scheduler_init)
    rt_system_scheduler_start                0x00006945   Thumb Code    36  scheduler.o(i.rt_system_scheduler_start)
    rt_system_timer_init                     0x00006975   Thumb Code    24  src_timer.o(i.rt_system_timer_init)
    rt_system_timer_thread_init              0x00006991   Thumb Code    58  src_timer.o(i.rt_system_timer_thread_init)
    rt_thread_create                         0x000069e5   Thumb Code    80  thread.o(i.rt_thread_create)
    rt_thread_delay                          0x00006a35   Thumb Code    12  thread.o(i.rt_thread_delay)
    rt_thread_exit                           0x00006a41   Thumb Code    78  thread.o(i.rt_thread_exit)
    rt_thread_idle_excute                    0x00006aa1   Thumb Code   118  idle.o(i.rt_thread_idle_excute)
    rt_thread_idle_init                      0x00006b1d   Thumb Code    38  idle.o(i.rt_thread_idle_init)
    rt_thread_init                           0x00006b59   Thumb Code    44  thread.o(i.rt_thread_init)
    rt_thread_resume                         0x00006b85   Thumb Code    56  thread.o(i.rt_thread_resume)
    rt_thread_self                           0x00006bbd   Thumb Code     6  thread.o(i.rt_thread_self)
    rt_thread_sleep                          0x00006bc9   Thumb Code    62  thread.o(i.rt_thread_sleep)
    rt_thread_startup                        0x00006c0d   Thumb Code    48  thread.o(i.rt_thread_startup)
    rt_thread_suspend                        0x00006c3d   Thumb Code    54  thread.o(i.rt_thread_suspend)
    rt_thread_timeout                        0x00006c73   Thumb Code    32  thread.o(i.rt_thread_timeout)
    rt_thread_yield                          0x00006cdd   Thumb Code    88  thread.o(i.rt_thread_yield)
    rt_tick_get                              0x00006d3d   Thumb Code     6  clock.o(i.rt_tick_get)
    rt_tick_increase                         0x00006d49   Thumb Code    44  clock.o(i.rt_tick_increase)
    rt_timer_check                           0x00006d79   Thumb Code   120  src_timer.o(i.rt_timer_check)
    rt_timer_control                         0x00006df9   Thumb Code    60  src_timer.o(i.rt_timer_control)
    rt_timer_detach                          0x00006e35   Thumb Code    32  src_timer.o(i.rt_timer_detach)
    rt_timer_init                            0x00006e55   Thumb Code    38  src_timer.o(i.rt_timer_init)
    rt_timer_start                           0x00006e99   Thumb Code   294  src_timer.o(i.rt_timer_start)
    rt_timer_stop                            0x00006fd5   Thumb Code    48  src_timer.o(i.rt_timer_stop)
    rt_vsnprintf                             0x00007005   Thumb Code   852  kservice.o(i.rt_vsnprintf)
    token_get_string                         0x0000746d   Thumb Code   118  finsh_token.o(i.token_get_string)
    version                                  0x00007ac5   Thumb Code    10  cmd.o(i.version)
    gau32ClkSrcTbl                           0x00007ad0   Data          32  system_m051series.o(.constdata)
    __lowest_bit_bitmap                      0x00007b20   Data         256  kservice.o(.constdata)
    op_table                                 0x00007c94   Data         196  finsh_ops.o(.constdata)
    __ctype_table                            0x00007d98   Data         129  ctype_o.o(.constdata)
    __fsym_list_mem_name                     0x000080b2   Data           9  mem.o(.rodata.name)
    __fsym_list_mem_desc                     0x000080bb   Data          30  mem.o(.rodata.name)
    __fsym_hello_name                        0x000080d9   Data           6  cmd.o(.rodata.name)
    __fsym_hello_desc                        0x000080df   Data          16  cmd.o(.rodata.name)
    __fsym_version_name                      0x000080ef   Data           8  cmd.o(.rodata.name)
    __fsym_version_desc                      0x000080f7   Data          35  cmd.o(.rodata.name)
    __fsym_list_thread_name                  0x0000811a   Data          12  cmd.o(.rodata.name)
    __fsym_list_thread_desc                  0x00008126   Data          12  cmd.o(.rodata.name)
    __fsym_list_sem_name                     0x00008132   Data           9  cmd.o(.rodata.name)
    __fsym_list_sem_desc                     0x0000813b   Data          25  cmd.o(.rodata.name)
    __fsym_list_timer_name                   0x00008154   Data          11  cmd.o(.rodata.name)
    __fsym_list_timer_desc                   0x0000815f   Data          21  cmd.o(.rodata.name)
    __fsym_list_device_name                  0x00008174   Data          12  cmd.o(.rodata.name)
    __fsym_list_device_desc                  0x00008180   Data          22  cmd.o(.rodata.name)
    __fsym_list_name                         0x00008196   Data           5  cmd.o(.rodata.name)
    __fsym_list_desc                         0x0000819b   Data          26  cmd.o(.rodata.name)
    __vsym_dummy_name                        0x000081b5   Data           6  cmd.o(.rodata.name)
    __vsym_dummy_desc                        0x000081bb   Data          25  cmd.o(.rodata.name)
    __rt_init_rti_start                      0x000081d4   Data           4  components.o(.rti_fn.0)
    __rt_init_rti_board_start                0x000081d8   Data           4  components.o(.rti_fn.0.end)
    __rt_init_rti_board_end                  0x000081dc   Data           4  components.o(.rti_fn.1.end)
    __rt_init_rt_hw_led_init                 0x000081e0   Data           4  led.o(.rti_fn.2)
    __rt_init_finsh_system_init              0x000081e4   Data           4  shell.o(.rti_fn.3)
    __rt_init_rti_end                        0x000081e8   Data           4  components.o(.rti_fn.6.end)
    FSymTab$$Base                            0x000081ec   Number         0  mem.o(FSymTab)
    __fsym_list_mem                          0x000081ec   Data          12  mem.o(FSymTab)
    __fsym_hello                             0x000081f8   Data          12  cmd.o(FSymTab)
    __fsym_version                           0x00008204   Data          12  cmd.o(FSymTab)
    __fsym_list_thread                       0x00008210   Data          12  cmd.o(FSymTab)
    __fsym_list_sem                          0x0000821c   Data          12  cmd.o(FSymTab)
    __fsym_list_timer                        0x00008228   Data          12  cmd.o(FSymTab)
    __fsym_list_device                       0x00008234   Data          12  cmd.o(FSymTab)
    __fsym_list                              0x00008240   Data          12  cmd.o(FSymTab)
    FSymTab$$Limit                           0x0000824c   Number         0  cmd.o(FSymTab)
    Region$$Table$$Base                      0x0000824c   Number         0  anon$$obj.o(Region$$Table)
    Region$$Table$$Limit                     0x0000826c   Number         0  anon$$obj.o(Region$$Table)
    VSymTab$$Base                            0x0000826c   Number         0  cmd.o(VSymTab)
    __vsym_dummy                             0x0000826c   Data          16  cmd.o(VSymTab)
    VSymTab$$Limit                           0x0000827c   Number         0  cmd.o(VSymTab)
    SystemCoreClock                          0x20000008   Data           4  system_m051series.o(.data)
    CyclesPerUs                              0x2000000c   Data           4  system_m051series.o(.data)
    PllClock                                 0x20000010   Data           4  system_m051series.o(.data)
    rt_interrupt_nest                        0x20000018   Data           1  irq.o(.data)
    rt_object_container                      0x2000003c   Data          64  object.o(.data)
    rt_current_thread                        0x20000080   Data           4  scheduler.o(.data)
    rt_current_priority                      0x20000084   Data           1  scheduler.o(.data)
    rt_thread_ready_priority_group           0x20000088   Data           4  scheduler.o(.data)
    rt_thread_defunct                        0x2000008c   Data           8  scheduler.o(.data)
    rt_interrupt_from_thread                 0x200000a8   Data           4  cpuport.o(.data)
    rt_interrupt_to_thread                   0x200000ac   Data           4  cpuport.o(.data)
    rt_thread_switch_interrupt_flag          0x200000b0   Data           4  cpuport.o(.data)
    shell                                    0x200000b4   Data           4  shell.o(.data)
    _syscall_table_begin                     0x200000b8   Data           4  symbol.o(.data)
    _syscall_table_end                       0x200000bc   Data           4  symbol.o(.data)
    _sysvar_table_begin                      0x200000c0   Data           4  symbol.o(.data)
    _sysvar_table_end                        0x200000c4   Data           4  symbol.o(.data)
    finsh_compile_sp                         0x200000cc   Data           4  finsh_compiler.o(.data)
    finsh_compile_pc                         0x200000d0   Data           4  finsh_compiler.o(.data)
    global_errno                             0x200000d4   Data           1  finsh_error.o(.data)
    global_sysvar_list                       0x2000011c   Data           4  finsh_var.o(.data)
    finsh_sp                                 0x20000120   Data           4  finsh_vm.o(.data)
    finsh_pc                                 0x20000124   Data           4  finsh_vm.o(.data)
    global_syscall_list                      0x20000128   Data           4  finsh_vm.o(.data)
    __stdout                                 0x2000012c   Data           4  stdout.o(.data)
    serial0                                  0x20000134   Data          84  usart.o(.bss)
    rt_thread_priority_table                 0x200002e0   Data         256  scheduler.o(.bss)
    finsh_heap                               0x200008d0   Data         128  finsh_heap.o(.bss)
    global_node_table                        0x20000950   Data         320  finsh_node.o(.bss)
    global_variable                          0x20000a90   Data         192  finsh_var.o(.bss)
    finsh_vm_stack                           0x20000b50   Data         256  finsh_vm.o(.bss)
    text_segment                             0x20000c50   Data         128  finsh_vm.o(.bss)
    Image$$RW_IRAM1$$ZI$$Limit               0x20000dd0   Number         0  anon$$obj.o ABSOLUTE
    __initial_sp                             0x20000dd0   Data           0  startup_m051series.o(STACK)



==============================================================================

Memory Map of the image

  Image entry point : Not specified.

  Load Region LR_IROM1 (Base: 0x00000000, Size: 0x000083b0, Max: 0x00010000, ABSOLUTE, COMPRESSED[0x000082dc])

    Execution Region ER_IROM1 (Base: 0x00000000, Size: 0x0000827c, Max: 0x00010000, ABSOLUTE)

    Base Addr    Size         Type   Attr      Idx    E Section Name        Object

    0x00000000   0x000000c0   Data   RO         1479    RESET               startup_m051series.o
    0x000000c0   0x00000000   Code   RO         3925  * .ARM.Collect$$$$00000000  mc_p.l(entry.o)
    0x000000c0   0x00000004   Code   RO         4209    .ARM.Collect$$$$00000001  mc_p.l(entry2.o)
    0x000000c4   0x00000004   Code   RO         4212    .ARM.Collect$$$$00000004  mc_p.l(entry5.o)
    0x000000c8   0x00000000   Code   RO         4214    .ARM.Collect$$$$00000008  mc_p.l(entry7b.o)
    0x000000c8   0x00000000   Code   RO         4216    .ARM.Collect$$$$0000000A  mc_p.l(entry8b.o)
    0x000000c8   0x00000008   Code   RO         4217    .ARM.Collect$$$$0000000B  mc_p.l(entry9a.o)
    0x000000d0   0x00000000   Code   RO         4219    .ARM.Collect$$$$0000000D  mc_p.l(entry10a.o)
    0x000000d0   0x00000000   Code   RO         4221    .ARM.Collect$$$$0000000F  mc_p.l(entry11a.o)
    0x000000d0   0x00000004   Code   RO         4210    .ARM.Collect$$$$00002712  mc_p.l(entry2.o)
    0x000000d4   0x0000004c   Code   RO         1480  * .text               startup_m051series.o
    0x00000120   0x000000d8   Code   RO         2391    .text               context_rvds.o
    0x000001f8   0x0000002c   Code   RO         3928    .text               mc_p.l(uidiv.o)
    0x00000224   0x00000028   Code   RO         3930    .text               mc_p.l(idiv.o)
    0x0000024c   0x00000024   Code   RO         3932    .text               mc_p.l(memcpya.o)
    0x00000270   0x00000024   Code   RO         3934    .text               mc_p.l(memseta.o)
    0x00000294   0x0000001a   Code   RO         3936    .text               mc_p.l(strncpy.o)
    0x000002ae   0x0000000e   Code   RO         3938    .text               mc_p.l(strlen.o)
    0x000002bc   0x0000001c   Code   RO         3940    .text               mc_p.l(strcmp.o)
    0x000002d8   0x0000001e   Code   RO         3942    .text               mc_p.l(strncmp.o)
    0x000002f6   0x0000001a   Code   RO         4207    .text               mc_p.l(atoi.o)
    0x00000310   0x00000070   Code   RO         4233    .text               mc_p.l(strtol.o)
    0x00000380   0x00000024   Code   RO         4246    .text               mc_p.l(init.o)
    0x000003a4   0x00000008   Code   RO         4254    .text               mc_p.l(ctype_o.o)
    0x000003ac   0x000000a6   Code   RO         4282    .text               mc_p.l(_strtoul.o)
    0x00000452   0x0000001e   Code   RO         4288    .text               mc_p.l(_chval.o)
    0x00000470   0x00000056   Code   RO         4298    .text               mc_p.l(__dczerorl2.o)
    0x000004c6   0x00000002   PAD
    0x000004c8   0x00000024   Code   RO          486    i.CLK_EnableModuleClock  clk.o
    0x000004ec   0x00000128   Code   RO          487    i.CLK_EnablePLL     clk.o
    0x00000614   0x00000010   Code   RO          488    i.CLK_EnableXtalRC  clk.o
    0x00000624   0x00000080   Code   RO          364    i.CLK_GetPLLClockFreq  system_m051series.o
    0x000006a4   0x00000080   Code   RO          492    i.CLK_GetPLLClockFreq  clk.o
    0x00000724   0x00000080   Code   RO         1322    i.CLK_GetPLLClockFreq  uart.o
    0x000007a4   0x00000054   Code   RO          495    i.CLK_SetCoreClock  clk.o
    0x000007f8   0x0000002c   Code   RO          496    i.CLK_SetHCLK       clk.o
    0x00000824   0x00000064   Code   RO          497    i.CLK_SetModuleClock  clk.o
    0x00000888   0x00000024   Code   RO          499    i.CLK_WaitClockReady  clk.o
    0x000008ac   0x0000002e   Code   RO          744    i.GPIO_SetMode      gpio.o
    0x000008da   0x00000002   PAD
    0x000008dc   0x00000078   Code   RO          149    i.NVIC_SetPriority  board.o
    0x00000954   0x00000030   Code   RO         3295    i.OP_add_byte       finsh_ops.o
    0x00000984   0x00000030   Code   RO         3296    i.OP_add_dword      finsh_ops.o
    0x000009b4   0x00000030   Code   RO         3297    i.OP_add_word       finsh_ops.o
    0x000009e4   0x00000030   Code   RO         3298    i.OP_and_byte       finsh_ops.o
    0x00000a14   0x00000030   Code   RO         3299    i.OP_and_dword      finsh_ops.o
    0x00000a44   0x00000034   Code   RO         3300    i.OP_and_word       finsh_ops.o
    0x00000a78   0x0000001c   Code   RO         3301    i.OP_bw_byte        finsh_ops.o
    0x00000a94   0x00000018   Code   RO         3302    i.OP_bw_dword       finsh_ops.o
    0x00000aac   0x0000001c   Code   RO         3303    i.OP_bw_word        finsh_ops.o
    0x00000ac8   0x0000038c   Code   RO         3304    i.OP_call           finsh_ops.o
    0x00000e54   0x00000034   Code   RO         3305    i.OP_div_byte       finsh_ops.o
    0x00000e88   0x00000034   Code   RO         3306    i.OP_div_dword      finsh_ops.o
    0x00000ebc   0x00000038   Code   RO         3307    i.OP_div_word       finsh_ops.o
    0x00000ef4   0x0000002c   Code   RO         3308    i.OP_ld_byte        finsh_ops.o
    0x00000f20   0x00000048   Code   RO         3309    i.OP_ld_dword       finsh_ops.o
    0x00000f68   0x0000004c   Code   RO         3310    i.OP_ld_value_byte  finsh_ops.o
    0x00000fb4   0x00000018   Code   RO         3311    i.OP_ld_value_byte_stack  finsh_ops.o
    0x00000fcc   0x0000004c   Code   RO         3312    i.OP_ld_value_dword  finsh_ops.o
    0x00001018   0x00000018   Code   RO         3313    i.OP_ld_value_dword_stack  finsh_ops.o
    0x00001030   0x0000004c   Code   RO         3314    i.OP_ld_value_word  finsh_ops.o
    0x0000107c   0x00000018   Code   RO         3315    i.OP_ld_value_word_stack  finsh_ops.o
    0x00001094   0x00000038   Code   RO         3316    i.OP_ld_word        finsh_ops.o
    0x000010cc   0x00000034   Code   RO         3317    i.OP_mod_byte       finsh_ops.o
    0x00001100   0x00000034   Code   RO         3318    i.OP_mod_dword      finsh_ops.o
    0x00001134   0x00000038   Code   RO         3319    i.OP_mod_word       finsh_ops.o
    0x0000116c   0x00000030   Code   RO         3320    i.OP_mul_byte       finsh_ops.o
    0x0000119c   0x00000030   Code   RO         3321    i.OP_mul_dword      finsh_ops.o
    0x000011cc   0x00000030   Code   RO         3322    i.OP_mul_word       finsh_ops.o
    0x000011fc   0x00000002   Code   RO         3323    i.OP_no_op          finsh_ops.o
    0x000011fe   0x00000002   PAD
    0x00001200   0x00000030   Code   RO         3324    i.OP_or_byte        finsh_ops.o
    0x00001230   0x00000030   Code   RO         3325    i.OP_or_dword       finsh_ops.o
    0x00001260   0x00000034   Code   RO         3326    i.OP_or_word        finsh_ops.o
    0x00001294   0x00000010   Code   RO         3327    i.OP_pop            finsh_ops.o
    0x000012a4   0x00000030   Code   RO         3328    i.OP_shl_byte       finsh_ops.o
    0x000012d4   0x00000030   Code   RO         3329    i.OP_shl_dword      finsh_ops.o
    0x00001304   0x00000030   Code   RO         3330    i.OP_shl_word       finsh_ops.o
    0x00001334   0x00000030   Code   RO         3331    i.OP_shr_byte       finsh_ops.o
    0x00001364   0x00000030   Code   RO         3332    i.OP_shr_dword      finsh_ops.o
    0x00001394   0x00000030   Code   RO         3333    i.OP_shr_word       finsh_ops.o
    0x000013c4   0x00000024   Code   RO         3334    i.OP_st_byte        finsh_ops.o
    0x000013e8   0x00000024   Code   RO         3335    i.OP_st_dword       finsh_ops.o
    0x0000140c   0x00000024   Code   RO         3336    i.OP_st_word        finsh_ops.o
    0x00001430   0x00000030   Code   RO         3337    i.OP_sub_byte       finsh_ops.o
    0x00001460   0x00000030   Code   RO         3338    i.OP_sub_dword      finsh_ops.o
    0x00001490   0x00000030   Code   RO         3339    i.OP_sub_word       finsh_ops.o
    0x000014c0   0x00000030   Code   RO         3340    i.OP_xor_byte       finsh_ops.o
    0x000014f0   0x00000030   Code   RO         3341    i.OP_xor_dword      finsh_ops.o
    0x00001520   0x00000034   Code   RO         3342    i.OP_xor_word       finsh_ops.o
    0x00001554   0x00000034   Code   RO         1194    i.SYS_ResetModule   sys.o
    0x00001588   0x0000000c   Code   RO          315    i.SendChar          printf.o
    0x00001594   0x00000034   Code   RO          316    i.SendChar_ToUART   printf.o
    0x000015c8   0x00000010   Code   RO          150    i.SysTick_Handler   board.o
    0x000015d8   0x00000064   Code   RO          365    i.SystemCoreClockUpdate  system_m051series.o
    0x0000163c   0x000000b4   Code   RO          366    i.SystemInit        system_m051series.o
    0x000016f0   0x00000028   Code   RO          259    i.UART0_IRQHandler  usart.o
    0x00001718   0x00000094   Code   RO         1331    i.UART_Open         uart.o
    0x000017ac   0x00000020   Code   RO         3991    i.__0printf$1       mc_p.l(printf1.o)
    0x000017cc   0x0000001c   Code   RO          635    i.__ARM_common_switch8  ebi.o
    0x000017e8   0x00000008   Code   RO         4226    i.__aeabi_errno_addr  mc_p.l(errno.o)
    0x000017f0   0x0000005c   Code   RO         1750    i.__rt_ffs          kservice.o
    0x0000184c   0x0000000e   Code   RO         4292    i.__scatterload_copy  mc_p.l(handlers.o)
    0x0000185a   0x00000002   Code   RO         4293    i.__scatterload_null  mc_p.l(handlers.o)
    0x0000185c   0x0000000e   Code   RO         4294    i.__scatterload_zeroinit  mc_p.l(handlers.o)
    0x0000186a   0x00000002   PAD
    0x0000186c   0x00000014   Code   RO         1601    i._has_defunct_thread  idle.o
    0x00001880   0x000000e8   Code   RO         2952    i._list_device      cmd.o
    0x00001968   0x000000f8   Code   RO         2953    i._list_sem         cmd.o
    0x00001a60   0x00000178   Code   RO         2954    i._list_thread      cmd.o
    0x00001bd8   0x00000110   Code   RO         2955    i._list_timer       cmd.o
    0x00001ce8   0x00000150   Code   RO         3998    i._printf_core      mc_p.l(printf1.o)
    0x00001e38   0x00000084   Code   RO         2135    i._rt_thread_init   thread.o
    0x00001ebc   0x0000003c   Code   RO         2250    i._rt_timer_init    src_timer.o
    0x00001ef8   0x0000002e   Code   RO         2251    i._rt_timer_remove  src_timer.o
    0x00001f26   0x00000044   Code   RO         3149    i.finsh_block_insert  finsh_heap.o
    0x00001f6a   0x00000082   Code   RO         3150    i.finsh_block_merge  finsh_heap.o
    0x00001fec   0x0000002e   Code   RO         3151    i.finsh_block_remove  finsh_heap.o
    0x0000201a   0x00000018   Code   RO         3152    i.finsh_block_split  finsh_heap.o
    0x00002032   0x00000002   PAD
    0x00002034   0x000016e8   Code   RO         3068    i.finsh_compile     finsh_compiler.o
    0x0000371c   0x0000006c   Code   RO         3069    i.finsh_compiler_run  finsh_compiler.o
    0x00003788   0x0000000c   Code   RO         3115    i.finsh_errno       finsh_error.o
    0x00003794   0x0000000c   Code   RO         3116    i.finsh_error_init  finsh_error.o
    0x000037a0   0x00000010   Code   RO         3117    i.finsh_error_set   finsh_error.o
    0x000037b0   0x00000010   Code   RO         3118    i.finsh_error_string  finsh_error.o
    0x000037c0   0x00000016   Code   RO         3202    i.finsh_flush       finsh_init.o
    0x000037d6   0x00000002   PAD
    0x000037d8   0x0000007c   Code   RO         3153    i.finsh_heap_allocate  finsh_heap.o
    0x00003854   0x0000002c   Code   RO         3154    i.finsh_heap_free   finsh_heap.o
    0x00003880   0x00000054   Code   RO         3155    i.finsh_heap_gc     finsh_heap.o
    0x000038d4   0x00000030   Code   RO         3156    i.finsh_heap_init   finsh_heap.o
    0x00003904   0x0000001e   Code   RO         3203    i.finsh_init        finsh_init.o
    0x00003922   0x00000002   PAD
    0x00003924   0x00000038   Code   RO         3238    i.finsh_node_allocate  finsh_node.o
    0x0000395c   0x00000014   Code   RO         3239    i.finsh_node_init   finsh_node.o
    0x00003970   0x00000020   Code   RO         3240    i.finsh_node_new_char  finsh_node.o
    0x00003990   0x0000007c   Code   RO         3241    i.finsh_node_new_id  finsh_node.o
    0x00003a0c   0x00000020   Code   RO         3242    i.finsh_node_new_int  finsh_node.o
    0x00003a2c   0x00000020   Code   RO         3243    i.finsh_node_new_long  finsh_node.o
    0x00003a4c   0x00000020   Code   RO         3244    i.finsh_node_new_ptr  finsh_node.o
    0x00003a6c   0x0000004c   Code   RO         3245    i.finsh_node_new_string  finsh_node.o
    0x00003ab8   0x00000010   Code   RO         3595    i.finsh_parser_init  finsh_parser.o
    0x00003ac8   0x000000e6   Code   RO         3596    i.finsh_parser_run  finsh_parser.o
    0x00003bae   0x00000002   PAD
    0x00003bb0   0x000000d8   Code   RO         2865    i.finsh_run_line    shell.o
    0x00003c88   0x00000018   Code   RO         2866    i.finsh_rx_ind      shell.o
    0x00003ca0   0x0000000c   Code   RO         3205    i.finsh_stack_bottom  finsh_init.o
    0x00003cac   0x0000005c   Code   RO         3760    i.finsh_syscall_lookup  finsh_vm.o
    0x00003d08   0x00000014   Code   RO         2869    i.finsh_system_function_init  shell.o
    0x00003d1c   0x000000c4   Code   RO         2870    i.finsh_system_init  shell.o
    0x00003de0   0x00000014   Code   RO         2871    i.finsh_system_var_init  shell.o
    0x00003df4   0x0000005c   Code   RO         3707    i.finsh_sysvar_lookup  finsh_var.o
    0x00003e50   0x0000053c   Code   RO         2872    i.finsh_thread_entry  shell.o
    0x0000438c   0x00000014   Code   RO         3799    i.finsh_token_init  finsh_token.o
    0x000043a0   0x0000001a   Code   RO         3800    i.finsh_token_token  finsh_token.o
    0x000043ba   0x0000016a   Code   RO         3070    i.finsh_type_check  finsh_compiler.o
    0x00004524   0x00000014   Code   RO         3709    i.finsh_var_init    finsh_var.o
    0x00004538   0x00000070   Code   RO         3710    i.finsh_var_insert  finsh_var.o
    0x000045a8   0x0000003c   Code   RO         3711    i.finsh_var_lookup  finsh_var.o
    0x000045e4   0x00000054   Code   RO         3761    i.finsh_vm_run      finsh_vm.o
    0x00004638   0x00000010   Code   RO          317    i.fputc             printf.o
    0x00004648   0x00000020   Code   RO         2956    i.hello             cmd.o
    0x00004668   0x000000dc   Code   RO         2957    i.list              cmd.o
    0x00004744   0x00000010   Code   RO         2958    i.list_device       cmd.o
    0x00004754   0x00000078   Code   RO         1939    i.list_mem          mem.o
    0x000047cc   0x00000238   Code   RO         2959    i.list_prefix       cmd.o
    0x00004a04   0x00000010   Code   RO         2960    i.list_sem          cmd.o
    0x00004a14   0x00000010   Code   RO         2961    i.list_thread       cmd.o
    0x00004a24   0x00000010   Code   RO         2962    i.list_timer        cmd.o
    0x00004a34   0x00000190   Code   RO            4    i.main              startup.o
    0x00004bc4   0x00000028   Code   RO         3597    i.make_sys_node     finsh_parser.o
    0x00004bec   0x0000003e   Code   RO         2963    i.object_name_maxlen  cmd.o
    0x00004c2a   0x00000002   PAD
    0x00004c2c   0x0000001c   Code   RO         2964    i.object_split      cmd.o
    0x00004c48   0x0000007c   Code   RO         1940    i.plug_holes        mem.o
    0x00004cc4   0x0000018c   Code   RO         1752    i.print_number      kservice.o
    0x00004e50   0x00000070   Code   RO         3598    i.proc_additive_expr  finsh_parser.o
    0x00004ec0   0x0000004a   Code   RO         3599    i.proc_and_expr     finsh_parser.o
    0x00004f0a   0x00000034   Code   RO         3600    i.proc_assign_expr  finsh_parser.o
    0x00004f3e   0x0000004c   Code   RO         3601    i.proc_cast_expr    finsh_parser.o
    0x00004f8a   0x0000004a   Code   RO         3602    i.proc_exclusive_or_expr  finsh_parser.o
    0x00004fd4   0x0000000c   Code   RO         3603    i.proc_expr         finsh_parser.o
    0x00004fe0   0x00000038   Code   RO         3604    i.proc_expr_statement  finsh_parser.o
    0x00005018   0x0000002c   Code   RO         3605    i.proc_identifier   finsh_parser.o
    0x00005044   0x0000004a   Code   RO         3606    i.proc_inclusive_or_expr  finsh_parser.o
    0x0000508e   0x00000088   Code   RO         3607    i.proc_multiplicative_expr  finsh_parser.o
    0x00005116   0x0000004a   Code   RO         3608    i.proc_param_list   finsh_parser.o
    0x00005160   0x0000009e   Code   RO         3609    i.proc_postfix_expr  finsh_parser.o
    0x000051fe   0x0000009e   Code   RO         3610    i.proc_primary_expr  finsh_parser.o
    0x0000529c   0x00000072   Code   RO         3611    i.proc_shift_expr   finsh_parser.o
    0x0000530e   0x000000fa   Code   RO         3612    i.proc_type         finsh_parser.o
    0x00005408   0x000000ba   Code   RO         3613    i.proc_unary_expr   finsh_parser.o
    0x000054c2   0x000001e2   Code   RO         3614    i.proc_variable_decl  finsh_parser.o
    0x000056a4   0x00000080   Code   RO            5    i.rt_application_init  startup.o
    0x00005724   0x0000004a   Code   RO         2506    i.rt_completion_done  completion.o
    0x0000576e   0x00000002   PAD
    0x00005770   0x0000001c   Code   RO         3881    i.rt_components_board_init  components.o
    0x0000578c   0x0000000c   Code   RO         1753    i.rt_console_get_device  kservice.o
    0x00005798   0x00000038   Code   RO         1754    i.rt_console_set_device  kservice.o
    0x000057d0   0x0000004e   Code   RO         2534    i.rt_data_queue_peak  dataqueue.o
    0x0000581e   0x00000104   Code   RO         2535    i.rt_data_queue_pop  dataqueue.o
    0x00005922   0x00000040   Code   RO         1522    i.rt_device_close   device.o
    0x00005962   0x00000002   PAD
    0x00005964   0x00000054   Code   RO         1524    i.rt_device_find    device.o
    0x000059b8   0x000000b4   Code   RO         1527    i.rt_device_open    device.o
    0x00005a6c   0x0000003c   Code   RO         1528    i.rt_device_read    device.o
    0x00005aa8   0x00000008   Code   RO         1530    i.rt_device_set_rx_indicate  device.o
    0x00005ab0   0x0000003c   Code   RO         1533    i.rt_device_write   device.o
    0x00005aec   0x0000003e   Code   RO         2431    i.rt_dma_calc_recved_len  serial.o
    0x00005b2a   0x00000084   Code   RO         2433    i.rt_dma_recv_update_put_index  serial.o
    0x00005bae   0x00000002   PAD
    0x00005bb0   0x00000020   Code   RO         2069    i.rt_enter_critical  scheduler.o
    0x00005bd0   0x0000003c   Code   RO         2070    i.rt_exit_critical  scheduler.o
    0x00005c0c   0x00000078   Code   RO         1942    i.rt_free           mem.o
    0x00005c84   0x00000054   Code   RO          152    i.rt_hw_board_init  board.o
    0x00005cd8   0x00000002   Code   RO         1757    i.rt_hw_console_output  kservice.o
    0x00005cda   0x00000002   PAD
    0x00005cdc   0x000000f4   Code   RO         2369    i.rt_hw_hard_fault_exception  cpuport.o
    0x00005dd0   0x00000014   Code   RO          218    i.rt_hw_led_init    led.o
    0x00005de4   0x00000158   Code   RO         2434    i.rt_hw_serial_isr  serial.o
    0x00005f3c   0x00000040   Code   RO         2370    i.rt_hw_stack_init  cpuport.o
    0x00005f7c   0x00000020   Code   RO         1723    i.rt_interrupt_enter  irq.o
    0x00005f9c   0x0000000c   Code   RO         1724    i.rt_interrupt_get_nest  irq.o
    0x00005fa8   0x00000020   Code   RO         1725    i.rt_interrupt_leave  irq.o
    0x00005fc8   0x00000062   Code   RO         1642    i.rt_ipc_list_suspend  ipc.o
    0x0000602a   0x00000010   Code   RO         1643    i.rt_ipc_object_init  ipc.o
    0x0000603a   0x00000002   PAD
    0x0000603c   0x0000006c   Code   RO         1758    i.rt_kprintf        kservice.o
    0x000060a8   0x00000006   Code   RO         2071    i.rt_list_init      scheduler.o
    0x000060ae   0x00000006   Code   RO         2252    i.rt_list_init      src_timer.o
    0x000060b4   0x0000000e   Code   RO         1998    i.rt_list_insert_after  object.o
    0x000060c2   0x0000000e   Code   RO         2136    i.rt_list_insert_after  thread.o
    0x000060d0   0x0000000e   Code   RO         2253    i.rt_list_insert_after  src_timer.o
    0x000060de   0x0000000e   Code   RO         1644    i.rt_list_insert_before  ipc.o
    0x000060ec   0x0000000e   Code   RO         2539    i.rt_list_insert_before  dataqueue.o
    0x000060fa   0x00000010   Code   RO         1645    i.rt_list_isempty   ipc.o
    0x0000610a   0x00000010   Code   RO         2254    i.rt_list_isempty   src_timer.o
    0x0000611a   0x00000010   Code   RO         2540    i.rt_list_isempty   dataqueue.o
    0x0000612a   0x00000014   Code   RO         2965    i.rt_list_len       cmd.o
    0x0000613e   0x00000012   Code   RO         1999    i.rt_list_remove    object.o
    0x00006150   0x00000012   Code   RO         2137    i.rt_list_remove    thread.o
    0x00006162   0x00000002   PAD
    0x00006164   0x0000016c   Code   RO         1943    i.rt_malloc         mem.o
    0x000062d0   0x00000042   Code   RO         1763    i.rt_memmove        kservice.o
    0x00006312   0x0000004c   Code   RO         1764    i.rt_memset         kservice.o
    0x0000635e   0x00000002   PAD
    0x00006360   0x00000048   Code   RO         2000    i.rt_object_allocate  object.o
    0x000063a8   0x00000020   Code   RO         2001    i.rt_object_delete  object.o
    0x000063c8   0x0000001a   Code   RO         2002    i.rt_object_detach  object.o
    0x000063e2   0x00000002   PAD
    0x000063e4   0x0000003c   Code   RO         2005    i.rt_object_init    object.o
    0x00006420   0x00000014   Code   RO         2006    i.rt_object_is_systemobject  object.o
    0x00006434   0x0000007c   Code   RO         2072    i.rt_schedule       scheduler.o
    0x000064b0   0x00000048   Code   RO         2073    i.rt_schedule_insert_thread  scheduler.o
    0x000064f8   0x00000058   Code   RO         2074    i.rt_schedule_remove_thread  scheduler.o
    0x00006550   0x00000022   Code   RO         1650    i.rt_sem_init       ipc.o
    0x00006572   0x00000044   Code   RO         1651    i.rt_sem_release    ipc.o
    0x000065b6   0x00000078   Code   RO         1652    i.rt_sem_take       ipc.o
    0x0000662e   0x00000002   PAD
    0x00006630   0x0000002c   Code   RO         1765    i.rt_set_errno      kservice.o
    0x0000665c   0x000000b0   Code   RO         1766    i.rt_show_version   kservice.o
    0x0000670c   0x00000084   Code   RO         2255    i.rt_soft_timer_check  src_timer.o
    0x00006790   0x00000012   Code   RO         1772    i.rt_strlen         kservice.o
    0x000067a2   0x0000002a   Code   RO         1773    i.rt_strncmp        kservice.o
    0x000067cc   0x00000038   Code   RO         1774    i.rt_strncpy        kservice.o
    0x00006804   0x000000f4   Code   RO         1946    i.rt_system_heap_init  mem.o
    0x000068f8   0x0000004c   Code   RO         2075    i.rt_system_scheduler_init  scheduler.o
    0x00006944   0x00000030   Code   RO         2076    i.rt_system_scheduler_start  scheduler.o
    0x00006974   0x0000001c   Code   RO         2256    i.rt_system_timer_init  src_timer.o
    0x00006990   0x00000054   Code   RO         2257    i.rt_system_timer_thread_init  src_timer.o
    0x000069e4   0x00000050   Code   RO         2139    i.rt_thread_create  thread.o
    0x00006a34   0x0000000c   Code   RO         2140    i.rt_thread_delay   thread.o
    0x00006a40   0x00000058   Code   RO         2143    i.rt_thread_exit    thread.o
    0x00006a98   0x00000008   Code   RO         1602    i.rt_thread_idle_entry  idle.o
    0x00006aa0   0x0000007c   Code   RO         1603    i.rt_thread_idle_excute  idle.o
    0x00006b1c   0x0000003c   Code   RO         1605    i.rt_thread_idle_init  idle.o
    0x00006b58   0x0000002c   Code   RO         2145    i.rt_thread_init    thread.o
    0x00006b84   0x00000038   Code   RO         2146    i.rt_thread_resume  thread.o
    0x00006bbc   0x0000000c   Code   RO         2147    i.rt_thread_self    thread.o
    0x00006bc8   0x00000044   Code   RO         2148    i.rt_thread_sleep   thread.o
    0x00006c0c   0x00000030   Code   RO         2149    i.rt_thread_startup  thread.o
    0x00006c3c   0x00000036   Code   RO         2150    i.rt_thread_suspend  thread.o
    0x00006c72   0x00000020   Code   RO         2151    i.rt_thread_timeout  thread.o
    0x00006c92   0x00000002   PAD
    0x00006c94   0x00000048   Code   RO         2258    i.rt_thread_timer_entry  src_timer.o
    0x00006cdc   0x00000060   Code   RO         2152    i.rt_thread_yield   thread.o
    0x00006d3c   0x0000000c   Code   RO         1486    i.rt_tick_get       clock.o
    0x00006d48   0x00000030   Code   RO         1487    i.rt_tick_increase  clock.o
    0x00006d78   0x00000080   Code   RO         2259    i.rt_timer_check    src_timer.o
    0x00006df8   0x0000003c   Code   RO         2260    i.rt_timer_control  src_timer.o
    0x00006e34   0x00000020   Code   RO         2263    i.rt_timer_detach   src_timer.o
    0x00006e54   0x00000026   Code   RO         2264    i.rt_timer_init     src_timer.o
    0x00006e7a   0x0000001e   Code   RO         2265    i.rt_timer_list_next_timeout  src_timer.o
    0x00006e98   0x0000013c   Code   RO         2267    i.rt_timer_start    src_timer.o
    0x00006fd4   0x00000030   Code   RO         2268    i.rt_timer_stop     src_timer.o
    0x00007004   0x0000035c   Code   RO         1777    i.rt_vsnprintf      kservice.o
    0x00007360   0x00000004   Code   RO         3883    i.rti_board_end     components.o
    0x00007364   0x00000004   Code   RO         3884    i.rti_board_start   components.o
    0x00007368   0x00000004   Code   RO         3885    i.rti_end           components.o
    0x0000736c   0x00000004   Code   RO         3886    i.rti_start         components.o
    0x00007370   0x00000030   Code   RO         2873    i.shell_auto_complete  shell.o
    0x000073a0   0x00000030   Code   RO         2966    i.show_wait_queue   cmd.o
    0x000073d0   0x00000024   Code   RO         1779    i.skip_atoi         kservice.o
    0x000073f4   0x00000024   Code   RO         2967    i.str_common        cmd.o
    0x00007418   0x00000024   Code   RO         2968    i.str_is_prefix     cmd.o
    0x0000743c   0x00000030   Code   RO            6    i.thread_entry      startup.o
    0x0000746c   0x00000076   Code   RO         3801    i.token_get_string  finsh_token.o
    0x000074e2   0x00000002   PAD
    0x000074e4   0x00000038   Code   RO         3802    i.token_match_name  finsh_token.o
    0x0000751c   0x00000040   Code   RO         3803    i.token_next_char   finsh_token.o
    0x0000755c   0x0000001a   Code   RO         3804    i.token_prev_char   finsh_token.o
    0x00007576   0x000000a2   Code   RO         3805    i.token_proc_char   finsh_token.o
    0x00007618   0x000000da   Code   RO         3806    i.token_proc_escape  finsh_token.o
    0x000076f2   0x00000120   Code   RO         3807    i.token_proc_number  finsh_token.o
    0x00007812   0x00000052   Code   RO         3808    i.token_proc_string  finsh_token.o
    0x00007864   0x000001a2   Code   RO         3809    i.token_run         finsh_token.o
    0x00007a06   0x0000009c   Code   RO         3810    i.token_spec_number  finsh_token.o
    0x00007aa2   0x00000022   Code   RO         3811    i.token_trim_space  finsh_token.o
    0x00007ac4   0x0000000a   Code   RO         2969    i.version           cmd.o
    0x00007ace   0x00000002   PAD
    0x00007ad0   0x00000020   Data   RO          367    .constdata          system_m051series.o
    0x00007af0   0x00000030   Data   RO         1339    .constdata          uart.o
    0x00007b20   0x00000122   Data   RO         1781    .constdata          kservice.o
    0x00007c42   0x00000002   PAD
    0x00007c44   0x00000050   Data   RO         2970    .constdata          cmd.o
    0x00007c94   0x000000c4   Data   RO         3343    .constdata          finsh_ops.o
    0x00007d58   0x00000040   Data   RO         3812    .constdata          finsh_token.o
    0x00007d98   0x00000081   Data   RO         4255    .constdata          mc_p.l(ctype_o.o)
    0x00007e19   0x00000003   PAD
    0x00007e1c   0x00000004   Data   RO         4256    .constdata          mc_p.l(ctype_o.o)
    0x00007e20   0x0000015d   Data   RO         2971    .conststring        cmd.o
    0x00007f7d   0x00000003   PAD
    0x00007f80   0x000000f3   Data   RO         3119    .conststring        finsh_error.o
    0x00008073   0x00000001   PAD
    0x00008074   0x0000003e   Data   RO         3813    .conststring        finsh_token.o
    0x000080b2   0x00000027   Data   RO         1949    .rodata.name        mem.o
    0x000080d9   0x000000fb   Data   RO         2973    .rodata.name        cmd.o
    0x000081d4   0x00000004   Data   RO         3887    .rti_fn.0           components.o
    0x000081d8   0x00000004   Data   RO         3888    .rti_fn.0.end       components.o
    0x000081dc   0x00000004   Data   RO         3889    .rti_fn.1.end       components.o
    0x000081e0   0x00000004   Data   RO          221    .rti_fn.2           led.o
    0x000081e4   0x00000004   Data   RO         2876    .rti_fn.3           shell.o
    0x000081e8   0x00000004   Data   RO         3890    .rti_fn.6.end       components.o
    0x000081ec   0x0000000c   Data   RO         1950    FSymTab             mem.o
    0x000081f8   0x00000054   Data   RO         2974    FSymTab             cmd.o
    0x0000824c   0x00000020   Data   RO         4290    Region$$Table       anon$$obj.o
    0x0000826c   0x00000010   Data   RO         2975    VSymTab             cmd.o


    Execution Region RW_IRAM1 (Base: 0x20000000, Size: 0x00000dd0, Max: 0x00001000, ABSOLUTE, COMPRESSED[0x00000060])

    Base Addr    Size         Type   Attr      Idx    E Section Name        Object

    0x20000000   0x00000008   Data   RW            7    .data               startup.o
    0x20000008   0x0000000c   Data   RW          368    .data               system_m051series.o
    0x20000014   0x00000004   Data   RW         1489    .data               clock.o
    0x20000018   0x00000001   Data   RW         1726    .data               irq.o
    0x20000019   0x00000003   PAD
    0x2000001c   0x00000008   Data   RW         1782    .data               kservice.o
    0x20000024   0x00000018   Data   RW         1948    .data               mem.o
    0x2000003c   0x00000040   Data   RW         2008    .data               object.o
    0x2000007c   0x00000018   Data   RW         2078    .data               scheduler.o
    0x20000094   0x00000014   Data   RW         2270    .data               src_timer.o
    0x200000a8   0x0000000c   Data   RW         2371    .data               cpuport.o
    0x200000b4   0x00000004   Data   RW         2875    .data               shell.o
    0x200000b8   0x00000010   Data   RW         2939    .data               symbol.o
    0x200000c8   0x00000004   Data   RW         2972    .data               cmd.o
    0x200000cc   0x00000008   Data   RW         3071    .data               finsh_compiler.o
    0x200000d4   0x00000040   Data   RW         3120    .data               finsh_error.o
    0x20000114   0x00000008   Data   RW         3158    .data               finsh_heap.o
    0x2000011c   0x00000004   Data   RW         3713    .data               finsh_var.o
    0x20000120   0x0000000c   Data   RW         3763    .data               finsh_vm.o
    0x2000012c   0x00000004   Data   RW         4223    .data               mc_p.l(stdout.o)
    0x20000130   0x00000004   Data   RW         4229    .data               mc_p.l(errno.o)
    0x20000134   0x00000054   Zero   RW          265    .bss                usart.o
    0x20000188   0x000000f8   Zero   RW         1606    .bss                idle.o
    0x20000280   0x00000040   Zero   RW         1780    .bss                kservice.o
    0x200002c0   0x00000020   Zero   RW         1947    .bss                mem.o
    0x200002e0   0x00000100   Zero   RW         2077    .bss                scheduler.o
    0x200003e0   0x00000278   Zero   RW         2269    .bss                src_timer.o
    0x20000658   0x00000278   Zero   RW         2874    .bss                shell.o
    0x200008d0   0x00000080   Zero   RW         3157    .bss                finsh_heap.o
    0x20000950   0x00000140   Zero   RW         3246    .bss                finsh_node.o
    0x20000a90   0x000000c0   Zero   RW         3712    .bss                finsh_var.o
    0x20000b50   0x00000180   Zero   RW         3762    .bss                finsh_vm.o
    0x20000cd0   0x00000100   Zero   RW         1477    STACK               startup_m051series.o


==============================================================================

Image component sizes


      Code (inc. data)   RO Data    RW Data    ZI Data      Debug   Object Name

       220         30          0          0          0      13292   board.o
       740         96          0          0          0       5002   clk.o
        60         10          0          4          0       1049   clock.o
      2252        792        780          4          0      13810   cmd.o
        74          0          0          0          0       2073   completion.o
        44          8         16          0          0       2757   components.o
       216         32          0          0          0        756   context_rvds.o
       308        166          0         12          0       2410   cpuport.o
       368          0          0          0          0       5257   dataqueue.o
       456         60          0          0          0       4445   device.o
        28          0          0          0          0         76   ebi.o
      6334        166          0          8          0      11522   finsh_compiler.o
        56         22        243         64          0       2567   finsh_error.o
       568         42          0          8        128       5647   finsh_heap.o
        64          6          0          0          0       1984   finsh_init.o
       404          8          0          0        320       5690   finsh_node.o
      3070        290        196          0          0      24226   finsh_ops.o
      2418         38          0          0          0      15855   finsh_parser.o
      1668         20        126          0          0       9914   finsh_token.o
       284         30          0          4        192       7742   finsh_var.o
       176         36          0         12        384       7003   finsh_vm.o
        46          0          0          0          0        923   gpio.o
       212         32          0          0        248       3506   idle.o
       366          0          0          0          0       5389   ipc.o
        76         18          0          1          0       1814   irq.o
      2040        184        290          8         64      11684   kservice.o
        20          4          4          0          0       1016   led.o
       972        238         51         24         32       4243   mem.o
       242         10          0         64          0       5246   object.o
        80          4          0          0          0      53189   printf.o
       506         88          0         24        256       6126   scheduler.o
       538          0          0          0          0       3463   serial.o
      1864        224          4          4        632       5575   shell.o
      1110         80          0         20        632      10534   src_timer.o
       576        148          0          8          0      74153   startup.o
        76         32        192          0        256        688   startup_m051series.o
         0          0          0         16          0       4305   symbol.o
        52          6          0          0          0        470   sys.o
       408         68         32         12          0       9167   system_m051series.o
       754         40          0          0          0       9339   thread.o
       276         34         48          0          0       1904   uart.o
        40          8          0          0         84       5437   usart.o

    ----------------------------------------------------------------------
     30100       3070       2020        300       3228     361248   Object Totals
         0          0         32          0          0          0   (incl. Generated)
        38          0          6          3          0          0   (incl. Padding)

    ----------------------------------------------------------------------

      Code (inc. data)   RO Data    RW Data    ZI Data      Debug   Library Member Name

        86          0          0          0          0          0   __dczerorl2.o
        30          0          0          0          0         60   _chval.o
       166          0          0          0          0         84   _strtoul.o
        26          0          0          0          0         72   atoi.o
         8          4        133          0          0         60   ctype_o.o
         0          0          0          0          0          0   entry.o
         0          0          0          0          0          0   entry10a.o
         0          0          0          0          0          0   entry11a.o
         8          4          0          0          0          0   entry2.o
         4          0          0          0          0          0   entry5.o
         0          0          0          0          0          0   entry7b.o
         0          0          0          0          0          0   entry8b.o
         8          4          0          0          0          0   entry9a.o
         8          4          0          4          0         60   errno.o
        30          0          0          0          0          0   handlers.o
        40          0          0          0          0         72   idiv.o
        36          8          0          0          0         68   init.o
        36          0          0          0          0         60   memcpya.o
        36          0          0          0          0        100   memseta.o
       368         12          0          0          0        168   printf1.o
         0          0          0          4          0          0   stdout.o
        28          0          0          0          0         68   strcmp.o
        14          0          0          0          0         60   strlen.o
        30          0          0          0          0         72   strncmp.o
        26          0          0          0          0         68   strncpy.o
       112          4          0          0          0         76   strtol.o
        44          0          0          0          0         72   uidiv.o

    ----------------------------------------------------------------------
      1148         40        136          8          0       1220   Library Totals
         4          0          3          0          0          0   (incl. Padding)

    ----------------------------------------------------------------------

      Code (inc. data)   RO Data    RW Data    ZI Data      Debug   Library Name

      1144         40        133          8          0       1220   mc_p.l

    ----------------------------------------------------------------------
      1148         40        136          8          0       1220   Library Totals

    ----------------------------------------------------------------------

==============================================================================


      Code (inc. data)   RO Data    RW Data    ZI Data      Debug   

     31248       3110       2156        308       3228     350540   Grand Totals
     31248       3110       2156         96       3228     350540   ELF Image Totals (compressed)
     31248       3110       2156         96          0          0   ROM Totals

==============================================================================

    Total RO  Size (Code + RO Data)                33404 (  32.62kB)
    Total RW  Size (RW Data + ZI Data)              3536 (   3.45kB)
    Total ROM Size (Code + RO Data + RW Data)      33500 (  32.71kB)

==============================================================================

