Component: ARM Compiler 5.06 update 3 (build 300) Tool: armlink [4d35c9]

==============================================================================

Small function inlining results

Inlined total of 0 calls.

==============================================================================

Memory Map of the image

  Image Entry point : 0x000000d5

  Load Region LR_IROM1 (Base: 0x00000000, Size: 0x0000390c, Max: 0x00020000, ABSOLUTE)

    Execution Region ER_IROM1 (Base: 0x00000000, Size: 0x00003768, Max: 0x00020000, ABSOLUTE)

    Base Addr    Size         Type   Attr      Idx    E Section Name        Object

    0x00000000   0x000000c0   Data   RO          487    RESET               startup_nuc230_240.o
    0x000000c0   0x00000000   Code   RO         5108  * .ARM.Collect$$$$00000000  mc_p.l(entry.o)
    0x000000c0   0x00000004   Code   RO         5131    .ARM.Collect$$$$00000001  mc_p.l(entry2.o)
    0x000000c4   0x00000004   Code   RO         5134    .ARM.Collect$$$$00000004  mc_p.l(entry5.o)
    0x000000c8   0x00000000   Code   RO         5136    .ARM.Collect$$$$00000008  mc_p.l(entry7b.o)
    0x000000c8   0x00000000   Code   RO         5138    .ARM.Collect$$$$0000000A  mc_p.l(entry8b.o)
    0x000000c8   0x00000008   Code   RO         5139    .ARM.Collect$$$$0000000B  mc_p.l(entry9a.o)
    0x000000d0   0x00000000   Code   RO         5141    .ARM.Collect$$$$0000000D  mc_p.l(entry10a.o)
    0x000000d0   0x00000000   Code   RO         5143    .ARM.Collect$$$$0000000F  mc_p.l(entry11a.o)
    0x000000d0   0x00000004   Code   RO         5132    .ARM.Collect$$$$00002712  mc_p.l(entry2.o)
    0x000000d4   0x0000004c   Code   RO          488  * .text               startup_nuc230_240.o
    0x00000120   0x000000d8   Code   RO         3557    .text               context_rvds.o
    0x000001f8   0x0000002c   Code   RO         5109    .text               mc_p.l(uidiv.o)
    0x00000224   0x00000024   Code   RO         5154    .text               mc_p.l(init.o)
    0x00000248   0x00000030   Code   RO          763    i.CLK_EnableModuleClock  clk.o
    0x00000278   0x00000198   Code   RO          764    i.CLK_EnablePLL     clk.o
    0x00000410   0x00000010   Code   RO          766    i.CLK_EnableXtalRC  clk.o
    0x00000420   0x00000058   Code   RO         2165    i.CLK_GetPLLClockFreq  uart.o
    0x00000478   0x000000d0   Code   RO          774    i.CLK_SetCoreClock  clk.o
    0x00000548   0x00000048   Code   RO          775    i.CLK_SetHCLK       clk.o
    0x00000590   0x000000cc   Code   RO          776    i.CLK_SetModuleClock  clk.o
    0x0000065c   0x00000014   Code   RO          777    i.CLK_SetSysTickClockSrc  clk.o
    0x00000670   0x0000002c   Code   RO          778    i.CLK_WaitClockReady  clk.o
    0x0000069c   0x00000064   Code   RO            3    i.EINT0             app.o
    0x00000700   0x00000054   Code   RO            4    i.EINT0_IRQHandler  app.o
    0x00000754   0x0000001a   Code   RO         1074    i.GPIO_EnableInt    gpio.o
    0x0000076e   0x00000028   Code   RO         1075    i.GPIO_SetMode      gpio.o
    0x00000796   0x00000002   PAD
    0x00000798   0x00000064   Code   RO         1107    i.HID_ClassRequest  hid_mousekeyboard.o
    0x000007fc   0x00000040   Code   RO         1108    i.HID_Init          hid_mousekeyboard.o
    0x0000083c   0x000000b4   Code   RO         1109    i.HID_UpdateKbData  hid_mousekeyboard.o
    0x000008f0   0x0000001a   Code   RO         2037    i.SYS_ResetModule   sys.o
    0x0000090a   0x00000010   Code   RO          278    i.SysTick_Handler   board.o
    0x0000091a   0x00000002   PAD
    0x0000091c   0x00000090   Code   RO          494    i.SystemCoreClockUpdate  system_nuc230_240.o
    0x000009ac   0x00000002   Code   RO          495    i.SystemInit        system_nuc230_240.o
    0x000009ae   0x00000002   PAD
    0x000009b0   0x00000068   Code   RO          326    i.UART02_IRQHandler  usart.o
    0x00000a18   0x00000038   Code   RO         2166    i.UART_ClearIntFlag  uart.o
    0x00000a50   0x00000030   Code   RO         2169    i.UART_DisableInt   uart.o
    0x00000a80   0x00000030   Code   RO         2171    i.UART_EnableInt    uart.o
    0x00000ab0   0x00000088   Code   RO         2172    i.UART_Open         uart.o
    0x00000b38   0x0000009c   Code   RO         2272    i.USBD_CtrlIn       usbd_1.o
    0x00000bd4   0x00000044   Code   RO         2273    i.USBD_CtrlOut      usbd_1.o
    0x00000c18   0x000000ac   Code   RO         2274    i.USBD_GetDescriptor  usbd_1.o
    0x00000cc4   0x00000010   Code   RO         2275    i.USBD_GetSetupPacket  usbd_1.o
    0x00000cd4   0x000000f0   Code   RO         1111    i.USBD_IRQHandler   hid_mousekeyboard.o
    0x00000dc4   0x00000010   Code   RO         2277    i.USBD_MemCopy      usbd_1.o
    0x00000dd4   0x0000002c   Code   RO         2278    i.USBD_Open         usbd_1.o
    0x00000e00   0x00000064   Code   RO         2279    i.USBD_PrepareCtrlIn  usbd_1.o
    0x00000e64   0x0000001c   Code   RO         2280    i.USBD_PrepareCtrlOut  usbd_1.o
    0x00000e80   0x00000054   Code   RO         2281    i.USBD_ProcessSetupPacket  usbd_1.o
    0x00000ed4   0x00000030   Code   RO         1112    i.USBD_SetStall     hid_mousekeyboard.o
    0x00000f04   0x000001b4   Code   RO         2284    i.USBD_StandardRequest  usbd_1.o
    0x000010b8   0x00000020   Code   RO         2285    i.USBD_Start        usbd_1.o
    0x000010d8   0x00000040   Code   RO         2286    i.USBD_SwReset      usbd_1.o
    0x00001118   0x0000003c   Code   RO          202    i.USB_Init          startup.o
    0x00001154   0x00000040   Code   RO         2866    i.__rt_ffs          kservice.o
    0x00001194   0x0000000e   Code   RO         5190    i.__scatterload_copy  mc_p.l(handlers.o)
    0x000011a2   0x00000002   Code   RO         5191    i.__scatterload_null  mc_p.l(handlers.o)
    0x000011a4   0x0000000e   Code   RO         5192    i.__scatterload_zeroinit  mc_p.l(handlers.o)
    0x000011b2   0x00000002   PAD
    0x000011b4   0x00000014   Code   RO         2537    i._has_defunct_thread  idle.o
    0x000011c8   0x0000015c   Code   RO         3996    i._list_thread      cmd.o
    0x00001324   0x0000006c   Code   RO         3307    i._rt_thread_init   thread.o
    0x00001390   0x00000026   Code   RO         3419    i._rt_timer_init    src_timer.o
    0x000013b6   0x00000022   Code   RO         3420    i._rt_timer_remove  src_timer.o
    0x000013d8   0x000000cc   Code   RO         3594    i._serial_dma_rx    serial.o
    0x000014a4   0x00000020   Code   RO            5    i.led_off           app.o
    0x000014c4   0x00000010   Code   RO         4008    i.list_thread       cmd.o
    0x000014d4   0x0000000e   Code   RO          204    i.main              startup.o
    0x000014e2   0x00000002   PAD
    0x000014e4   0x00000058   Code   RO          327    i.nuc240_configure  usart.o
    0x0000153c   0x0000001e   Code   RO          328    i.nuc240_control    usart.o
    0x0000155a   0x00000012   Code   RO          329    i.nuc240_getc       usart.o
    0x0000156c   0x00000014   Code   RO          330    i.nuc240_putc       usart.o
    0x00001580   0x00000034   Code   RO         4010    i.object_name_maxlen  cmd.o
    0x000015b4   0x00000018   Code   RO         4011    i.object_split      cmd.o
    0x000015cc   0x00000058   Code   RO         3054    i.plug_holes        mem.o
    0x00001624   0x00000134   Code   RO         2868    i.print_number      kservice.o
    0x00001758   0x00000088   Code   RO            6    i.printf_test2      app.o
    0x000017e0   0x000000c4   Code   RO            7    i.rt_application_init  app.o
    0x000018a4   0x00000016   Code   RO         3658    i.rt_completion_init  completion.o
    0x000018ba   0x0000007a   Code   RO         3659    i.rt_completion_wait  completion.o
    0x00001934   0x0000001c   Code   RO         5064    i.rt_components_board_init  components.o
    0x00001950   0x0000002c   Code   RO         2870    i.rt_console_set_device  kservice.o
    0x0000197c   0x00000034   Code   RO         3681    i.rt_data_queue_init  dataqueue.o
    0x000019b0   0x000000e6   Code   RO         3684    i.rt_data_queue_push  dataqueue.o
    0x00001a96   0x00000036   Code   RO         2458    i.rt_device_close   device.o
    0x00001acc   0x00000054   Code   RO         2460    i.rt_device_find    device.o
    0x00001b20   0x000000a0   Code   RO         2463    i.rt_device_open    device.o
    0x00001bc0   0x00000034   Code   RO         2465    i.rt_device_register  device.o
    0x00001bf4   0x00000024   Code   RO         2469    i.rt_device_write   device.o
    0x00001c18   0x00000030   Code   RO         3595    i.rt_dma_calc_recved_len  serial.o
    0x00001c48   0x00000018   Code   RO         3246    i.rt_enter_critical  scheduler.o
    0x00001c60   0x0000002c   Code   RO         3247    i.rt_exit_critical  scheduler.o
    0x00001c8c   0x00000058   Code   RO         3056    i.rt_free           mem.o
    0x00001ce4   0x0000005c   Code   RO          279    i.rt_hw_board_init  board.o
    0x00001d40   0x00000002   Code   RO         2873    i.rt_hw_console_output  kservice.o
    0x00001d42   0x00000002   PAD
    0x00001d44   0x000000f4   Code   RO         3533    i.rt_hw_hard_fault_exception  cpuport.o
    0x00001e38   0x00000014   Code   RO          413    i.rt_hw_led_init    led.o
    0x00001e4c   0x0000000c   Code   RO          414    i.rt_hw_led_off     led.o
    0x00001e58   0x0000000c   Code   RO          415    i.rt_hw_led_on      led.o
    0x00001e64   0x00000044   Code   RO         3598    i.rt_hw_serial_register  serial.o
    0x00001ea8   0x00000038   Code   RO         3534    i.rt_hw_stack_init  cpuport.o
    0x00001ee0   0x0000007c   Code   RO          280    i.rt_hw_system_init  board.o
    0x00001f5c   0x0000003c   Code   RO          331    i.rt_hw_usart_init  usart.o
    0x00001f98   0x00000018   Code   RO         2839    i.rt_interrupt_enter  irq.o
    0x00001fb0   0x0000000c   Code   RO         2840    i.rt_interrupt_get_nest  irq.o
    0x00001fbc   0x00000018   Code   RO         2841    i.rt_interrupt_leave  irq.o
    0x00001fd4   0x0000000e   Code   RO         2584    i.rt_ipc_list_resume  ipc.o
    0x00001fe2   0x0000004e   Code   RO         2586    i.rt_ipc_list_suspend  ipc.o
    0x00002030   0x0000004c   Code   RO         2874    i.rt_kprintf        kservice.o
    0x0000207c   0x0000000e   Code   RO         3175    i.rt_list_insert_after  object.o
    0x0000208a   0x0000000e   Code   RO         3308    i.rt_list_insert_after  thread.o
    0x00002098   0x0000000e   Code   RO         3421    i.rt_list_insert_after  src_timer.o
    0x000020a6   0x0000000e   Code   RO         2587    i.rt_list_insert_before  ipc.o
    0x000020b4   0x0000000e   Code   RO         3686    i.rt_list_insert_before  dataqueue.o
    0x000020c2   0x0000000e   Code   RO         2588    i.rt_list_isempty   ipc.o
    0x000020d0   0x0000000e   Code   RO         3422    i.rt_list_isempty   src_timer.o
    0x000020de   0x0000000e   Code   RO         3687    i.rt_list_isempty   dataqueue.o
    0x000020ec   0x00000012   Code   RO         3176    i.rt_list_remove    object.o
    0x000020fe   0x00000012   Code   RO         3309    i.rt_list_remove    thread.o
    0x00002110   0x000000e8   Code   RO         3057    i.rt_malloc         mem.o
    0x000021f8   0x00000046   Code   RO         2878    i.rt_memcpy         kservice.o
    0x0000223e   0x00000042   Code   RO         2880    i.rt_memset         kservice.o
    0x00002280   0x00000048   Code   RO         3177    i.rt_object_allocate  object.o
    0x000022c8   0x00000020   Code   RO         3178    i.rt_object_delete  object.o
    0x000022e8   0x0000001a   Code   RO         3179    i.rt_object_detach  object.o
    0x00002302   0x00000002   PAD
    0x00002304   0x00000038   Code   RO         3182    i.rt_object_init    object.o
    0x0000233c   0x0000000e   Code   RO         3183    i.rt_object_is_systemobject  object.o
    0x0000234a   0x00000002   PAD
    0x0000234c   0x00000098   Code   RO         3248    i.rt_schedule       scheduler.o
    0x000023e4   0x00000044   Code   RO         3249    i.rt_schedule_insert_thread  scheduler.o
    0x00002428   0x00000048   Code   RO         3250    i.rt_schedule_remove_thread  scheduler.o
    0x00002470   0x00000020   Code   RO         2616    i.rt_sem_init       ipc.o
    0x00002490   0x0000003c   Code   RO         2617    i.rt_sem_release    ipc.o
    0x000024cc   0x00000072   Code   RO         2618    i.rt_sem_take       ipc.o
    0x0000253e   0x00000092   Code   RO         3599    i.rt_serial_close   serial.o
    0x000025d0   0x0000005c   Code   RO         3600    i.rt_serial_control  serial.o
    0x0000262c   0x0000001c   Code   RO         3601    i.rt_serial_init    serial.o
    0x00002648   0x00000128   Code   RO         3602    i.rt_serial_open    serial.o
    0x00002770   0x00000096   Code   RO         3603    i.rt_serial_read    serial.o
    0x00002806   0x00000002   PAD
    0x00002808   0x000000bc   Code   RO         3604    i.rt_serial_write   serial.o
    0x000028c4   0x00000024   Code   RO         2881    i.rt_set_errno      kservice.o
    0x000028e8   0x000000b0   Code   RO         2882    i.rt_show_version   kservice.o
    0x00002998   0x0000006c   Code   RO         3423    i.rt_soft_timer_check  src_timer.o
    0x00002a04   0x00000010   Code   RO         2888    i.rt_strlen         kservice.o
    0x00002a14   0x00000024   Code   RO         2889    i.rt_strncmp        kservice.o
    0x00002a38   0x00000028   Code   RO         2890    i.rt_strncpy        kservice.o
    0x00002a60   0x000000ac   Code   RO         3060    i.rt_system_heap_init  mem.o
    0x00002b0c   0x00000002   Code   RO         3184    i.rt_system_object_init  object.o
    0x00002b0e   0x00000002   PAD
    0x00002b10   0x00000034   Code   RO         3251    i.rt_system_scheduler_init  scheduler.o
    0x00002b44   0x00000028   Code   RO         3252    i.rt_system_scheduler_start  scheduler.o
    0x00002b6c   0x00000002   Code   RO         2420    i.rt_system_tick_init  clock.o
    0x00002b6e   0x00000002   PAD
    0x00002b70   0x00000018   Code   RO         3424    i.rt_system_timer_init  src_timer.o
    0x00002b88   0x00000048   Code   RO         3425    i.rt_system_timer_thread_init  src_timer.o
    0x00002bd0   0x00000040   Code   RO         3311    i.rt_thread_create  thread.o
    0x00002c10   0x00000008   Code   RO         3312    i.rt_thread_delay   thread.o
    0x00002c18   0x00000058   Code   RO         3315    i.rt_thread_exit    thread.o
    0x00002c70   0x00000006   Code   RO         2538    i.rt_thread_idle_entry  idle.o
    0x00002c76   0x00000002   PAD
    0x00002c78   0x00000068   Code   RO         2539    i.rt_thread_idle_excute  idle.o
    0x00002ce0   0x00000034   Code   RO         2541    i.rt_thread_idle_init  idle.o
    0x00002d14   0x0000002a   Code   RO         3317    i.rt_thread_init    thread.o
    0x00002d3e   0x00000038   Code   RO         3318    i.rt_thread_resume  thread.o
    0x00002d76   0x00000002   PAD
    0x00002d78   0x0000000c   Code   RO         3319    i.rt_thread_self    thread.o
    0x00002d84   0x00000040   Code   RO         3320    i.rt_thread_sleep   thread.o
    0x00002dc4   0x0000002c   Code   RO         3321    i.rt_thread_startup  thread.o
    0x00002df0   0x00000036   Code   RO         3322    i.rt_thread_suspend  thread.o
    0x00002e26   0x0000001e   Code   RO         3323    i.rt_thread_timeout  thread.o
    0x00002e44   0x00000038   Code   RO         3426    i.rt_thread_timer_entry  src_timer.o
    0x00002e7c   0x0000005c   Code   RO         3324    i.rt_thread_yield   thread.o
    0x00002ed8   0x0000000c   Code   RO         2422    i.rt_tick_get       clock.o
    0x00002ee4   0x00000028   Code   RO         2423    i.rt_tick_increase  clock.o
    0x00002f0c   0x0000006c   Code   RO         3427    i.rt_timer_check    src_timer.o
    0x00002f78   0x00000032   Code   RO         3428    i.rt_timer_control  src_timer.o
    0x00002faa   0x0000002c   Code   RO         3429    i.rt_timer_create   src_timer.o
    0x00002fd6   0x00000020   Code   RO         3430    i.rt_timer_delete   src_timer.o
    0x00002ff6   0x00000020   Code   RO         3431    i.rt_timer_detach   src_timer.o
    0x00003016   0x00000026   Code   RO         3432    i.rt_timer_init     src_timer.o
    0x0000303c   0x00000018   Code   RO         3433    i.rt_timer_list_next_timeout  src_timer.o
    0x00003054   0x000000c8   Code   RO         3435    i.rt_timer_start    src_timer.o
    0x0000311c   0x0000002e   Code   RO         3436    i.rt_timer_stop     src_timer.o
    0x0000314a   0x00000002   PAD
    0x0000314c   0x00000268   Code   RO         2893    i.rt_vsnprintf      kservice.o
    0x000033b4   0x00000004   Code   RO         5066    i.rti_board_end     components.o
    0x000033b8   0x00000004   Code   RO         5067    i.rti_board_start   components.o
    0x000033bc   0x00000040   Code   RO          205    i.rtthread_startup  startup.o
    0x000033fc   0x00000020   Code   RO         2895    i.skip_atoi         kservice.o
    0x0000341c   0x0000001c   Data   RO          333    .constdata          usart.o
    0x00003438   0x00000034   Data   RO          454    .constdata          descriptors.o
    0x0000346c   0x0000003f   Data   RO          455    .constdata          descriptors.o
    0x000034ab   0x00000012   Data   RO          456    .constdata          descriptors.o
    0x000034bd   0x0000003b   Data   RO          457    .constdata          descriptors.o
    0x000034f8   0x00000004   Data   RO          458    .constdata          descriptors.o
    0x000034fc   0x00000010   Data   RO          459    .constdata          descriptors.o
    0x0000350c   0x00000018   Data   RO          460    .constdata          descriptors.o
    0x00003524   0x0000001a   Data   RO          461    .constdata          descriptors.o
    0x0000353e   0x00000002   PAD
    0x00003540   0x0000000c   Data   RO          462    .constdata          descriptors.o
    0x0000354c   0x0000000c   Data   RO          463    .constdata          descriptors.o
    0x00003558   0x00000018   Data   RO          464    .constdata          descriptors.o
    0x00003570   0x00000038   Data   RO          779    .constdata          clk.o
    0x000035a8   0x00000030   Data   RO         2180    .constdata          uart.o
    0x000035d8   0x00000122   Data   RO         2897    .constdata          kservice.o
    0x000036fa   0x00000002   PAD
    0x000036fc   0x00000044   Data   RO         4019    .conststring        cmd.o
    0x00003740   0x00000004   Data   RO         5071    .rti_fn.0.end       components.o
    0x00003744   0x00000004   Data   RO         5072    .rti_fn.1.end       components.o
    0x00003748   0x00000020   Data   RO         5188    Region$$Table       anon$$obj.o


    Execution Region RW_IRAM1 (Base: 0x20000000, Size: 0x00000b28, Max: 0x00004000, ABSOLUTE)

    Base Addr    Size         Type   Attr      Idx    E Section Name        Object

    0x20000000   0x00000010   Data   RW            8    .data               app.o
    0x20000010   0x00000004   Data   RW          334    .data               usart.o
    0x20000014   0x00000010   Data   RW          465    .data               descriptors.o
    0x20000024   0x0000000c   Data   RW          466    .data               descriptors.o
    0x20000030   0x0000002c   Data   RW          496    .data               system_nuc230_240.o
    0x2000005c   0x00000014   Data   RW         1113    .data               hid_mousekeyboard.o
    0x20000070   0x00000048   Data   RW         2287    .data               usbd_1.o
    0x200000b8   0x00000004   Data   RW         2425    .data               clock.o
    0x200000bc   0x00000001   Data   RW         2842    .data               irq.o
    0x200000bd   0x00000003   PAD
    0x200000c0   0x00000008   Data   RW         2898    .data               kservice.o
    0x200000c8   0x00000018   Data   RW         3062    .data               mem.o
    0x200000e0   0x00000090   Data   RW         3185    .data               object.o
    0x20000170   0x00000014   Data   RW         3254    .data               scheduler.o
    0x20000184   0x00000014   Data   RW         3438    .data               src_timer.o
    0x20000198   0x00000004   Data   RW         3535    .data               cpuport.o
    0x2000019c   0x00000004   Data   RW         3536    .data               cpuport.o
    0x200001a0   0x00000004   Data   RW         3537    .data               cpuport.o
    0x200001a4   0x000000a4   Zero   RW          332    .bss                usart.o
    0x20000248   0x00000100   Zero   RW         2542    .bss                idle.o
    0x20000348   0x00000040   Zero   RW         2896    .bss                kservice.o
    0x20000388   0x00000020   Zero   RW         3061    .bss                mem.o
    0x200003a8   0x00000100   Zero   RW         3253    .bss                scheduler.o
    0x200004a8   0x00000280   Zero   RW         3437    .bss                src_timer.o
    0x20000728   0x00000400   Zero   RW          485    STACK               startup_nuc230_240.o


==============================================================================

Image component sizes


      Code (inc. data)   RO Data    RW Data    ZI Data      Debug   Object Name

       548        246          0         16          0     127557   app.o
       232         38          0          0          0       7802   board.o
      1020        142         56          0          0       6511   clk.o
        54         10          0          4          0       1519   clock.o
       440        188         68          0          0       3824   cmd.o
       144          0          0          0          0       1990   completion.o
        36          8          8          0          0       2061   components.o
       216         32          0          0          0        768   context_rvds.o
       300        166          0         12          0       2442   cpuport.o
       310          0          0          0          0       5486   dataqueue.o
         0          0        310         28          0       6843   descriptors.o
       386         68          0          0          0       3949   device.o
        66          0          0          0          0       1536   gpio.o
       632         66          0         20          0       9894   hid_mousekeyboard.o
       182         26          0          0        256       3562   idle.o
       326          0          0          0          0       5672   ipc.o
        60         14          0          1          0       1930   irq.o
      1582        178        290          8         64      13333   kservice.o
        44         12          0          0          0       1240   led.o
       580        102          0         24         32       3884   mem.o
       234          8          0        144          0       5826   object.o
       452        100          0         20        256       5962   scheduler.o
      1220         34          0          0          0       9940   serial.o
       934         66          0         20        640      12134   src_timer.o
       138         24          0          0          0       7133   startup.o
        76         32        192          0       1024        700   startup_nuc230_240.o
        26          0          0          0          0        482   sys.o
       146         26          0         44          0      22075   system_nuc230_240.o
       694         42          0          0          0       9588   thread.o
       376         68         48          0          0       9587   uart.o
       320         44         28          4        164     109839   usart.o
      1216        120          0         72          0      14348   usbd_1.o

    ----------------------------------------------------------------------
     13016       1860       1036        420       2436     419417   Object Totals
         0          0         32          0          0          0   (incl. Generated)
        26          0          4          3          0          0   (incl. Padding)

    ----------------------------------------------------------------------

      Code (inc. data)   RO Data    RW Data    ZI Data      Debug   Library Member Name

         0          0          0          0          0          0   entry.o
         0          0          0          0          0          0   entry10a.o
         0          0          0          0          0          0   entry11a.o
         8          4          0          0          0          0   entry2.o
         4          0          0          0          0          0   entry5.o
         0          0          0          0          0          0   entry7b.o
         0          0          0          0          0          0   entry8b.o
         8          4          0          0          0          0   entry9a.o
        30          0          0          0          0          0   handlers.o
        36          8          0          0          0         68   init.o
        44          0          0          0          0         72   uidiv.o

    ----------------------------------------------------------------------
       132         16          0          0          0        140   Library Totals
         2          0          0          0          0          0   (incl. Padding)

    ----------------------------------------------------------------------

      Code (inc. data)   RO Data    RW Data    ZI Data      Debug   Library Name

       130         16          0          0          0        140   mc_p.l

    ----------------------------------------------------------------------
       132         16          0          0          0        140   Library Totals

    ----------------------------------------------------------------------

==============================================================================


      Code (inc. data)   RO Data    RW Data    ZI Data      Debug   

     13148       1876       1036        420       2436     412617   Grand Totals
     13148       1876       1036        420       2436     412617   ELF Image Totals
     13148       1876       1036        420          0          0   ROM Totals

==============================================================================

    Total RO  Size (Code + RO Data)                14184 (  13.85kB)
    Total RW  Size (RW Data + ZI Data)              2856 (   2.79kB)
    Total ROM Size (Code + RO Data + RW Data)      14604 (  14.26kB)

==============================================================================

