<html>
<body>
<pre>
<h1>µVision Build Log</h1>
<h2>Tool Versions:</h2>
IDE-Version: ¦ÌVision V5.21.1.0
Copyright (C) 2016 ARM Ltd and ARM Germany GmbH. All rights reserved.
License Information: BRC BRC, BRC, LIC=ATTCX-HPMT0-LC4JF-6JLC8-NH0EW-2282K
 
Tool Versions:
Toolchain:       MDK-ARM Plus  Version: 5.21a
Toolchain Path:  C:\Keil_v5\ARM\ARMCC\Bin
C Compiler:      Armcc.exe V5.06 update 3 (build 300)
Assembler:       Armasm.exe V5.06 update 3 (build 300)
Linker/Locator:  ArmLink.exe V5.06 update 3 (build 300)
Library Manager: ArmAr.exe V5.06 update 3 (build 300)
Hex Converter:   FromElf.exe V5.06 update 3 (build 300)
CPU DLL:         SARMCM3.DLL V5.21a
Dialog DLL:      DARMCM1.DLL V1.14.0.0
Target DLL:      Nu_Link.dll V2.00
Dialog DLL:      TARMCM1.DLL V1.10.0.0
 
<h2>Project:</h2>
E:\cynoware\RTthread\rt-threa\bsp\nuvoton_nuc240\project.uvproj
Project File Date:  08/14/2017

<h2>Output:</h2>
*** Using Compiler 'V5.06 update 3 (build 300)', folder: 'C:\Keil_v5\ARM\ARMCC\Bin'
Rebuild target 'project'
creating preprocessor file for app.c...
creating preprocessor file for startup.c...
creating preprocessor file for hid_kb.c...
compiling app.c...
APP\app.c(44): warning:  #177-D: function "printf_test1" was declared but never referenced
  static void printf_test1(void* parameter)
APP\app.c: 1 warning, 0 errors
creating preprocessor file for USB_test.c...
compiling startup.c...
compiling hid_kb.c...
compiling USB_test.c...
creating preprocessor file for board.c...
creating preprocessor file for usart.c...
creating preprocessor file for led.c...
compiling board.c...
Drivers\board.c(49): warning:  #177-D: function "delay" was declared but never referenced
  static void delay(__IO uint32_t nCount)
Drivers\board.c: 1 warning, 0 errors
compiling usart.c...
creating preprocessor file for descriptors.c...
creating preprocessor file for usb.c...
compiling led.c...
creating preprocessor file for usbdevice.c...
compiling descriptors.c...
creating preprocessor file for core.c...
compiling usbdevice.c...
..\..\components\drivers\usb\usbdevice\core\usbdevice.c(71): warning:  #177-D: variable "func" was declared but never referenced
      ufunction_t func;
..\..\components\drivers\usb\usbdevice\core\usbdevice.c: 1 warning, 0 errors
assembling startup_NUC230_240.s...
compiling usb.c...
compiling core.c...
..\..\components\drivers\usb\usbdevice\core\core.c(1786): warning:  #177-D: function "rt_usbd_ep_unassign" was declared but never referenced
  static rt_err_t rt_usbd_ep_unassign(udevice_t device, uep_t ep)
..\..\components\drivers\usb\usbdevice\core\core.c: 1 warning, 0 errors
creating preprocessor file for system_NUC230_240.c...
creating preprocessor file for acmp.c...
compiling system_NUC230_240.c...
creating preprocessor file for adc.c...
compiling acmp.c...
creating preprocessor file for can.c...
compiling adc.c...
creating preprocessor file for clk.c...
compiling can.c...
creating preprocessor file for crc.c...
compiling clk.c...
creating preprocessor file for ebi.c...
compiling crc.c...
creating preprocessor file for fmc.c...
compiling ebi.c...
creating preprocessor file for gpio.c...
compiling fmc.c...
creating preprocessor file for hid_mousekeyboard.c...
compiling gpio.c...
creating preprocessor file for i2c.c...
creating preprocessor file for i2s.c...
compiling hid_mousekeyboard.c...
compiling i2c.c...
creating preprocessor file for pdma.c...
compiling i2s.c...
creating preprocessor file for ps2.c...
compiling pdma.c...
creating preprocessor file for pwm.c...
compiling ps2.c...
creating preprocessor file for rtc.c...
compiling pwm.c...
creating preprocessor file for sc.c...
creating preprocessor file for scuart.c...
compiling rtc.c...
compiling sc.c...
creating preprocessor file for spi.c...
creating preprocessor file for sys.c...
compiling spi.c...
compiling scuart.c...
compiling sys.c...
creating preprocessor file for timer.c...
creating preprocessor file for uart.c...
compiling timer.c...
creating preprocessor file for usbd.c...
creating preprocessor file for wdt.c...
compiling usbd.c...
compiling uart.c...
creating preprocessor file for wwdt.c...
creating preprocessor file for clock.c...
compiling wdt.c...
compiling wwdt.c...
creating preprocessor file for device.c...
compiling clock.c...
creating preprocessor file for idle.c...
compiling device.c...
creating preprocessor file for ipc.c...
compiling idle.c...
creating preprocessor file for irq.c...
compiling ipc.c...
creating preprocessor file for kservice.c...
compiling irq.c...
creating preprocessor file for mem.c...
compiling kservice.c...
creating preprocessor file for memheap.c...
compiling mem.c...
creating preprocessor file for mempool.c...
compiling memheap.c...
creating preprocessor file for module.c...
compiling mempool.c...
creating preprocessor file for object.c...
compiling module.c...
creating preprocessor file for scheduler.c...
compiling object.c...
creating preprocessor file for thread.c...
compiling scheduler.c...
creating preprocessor file for src_timer.c...
compiling thread.c...
creating preprocessor file for cpuport.c...
compiling src_timer.c...
assembling context_rvds.S...
compiling cpuport.c...
creating preprocessor file for backtrace.c...
creating preprocessor file for div0.c...
compiling backtrace.c...
creating preprocessor file for showmem.c...
compiling div0.c...
creating preprocessor file for serial.c...
compiling showmem.c...
creating preprocessor file for completion.c...
compiling serial.c...
creating preprocessor file for dataqueue.c...
creating preprocessor file for pipe.c...
compiling dataqueue.c...
compiling completion.c...
creating preprocessor file for portal.c...
compiling pipe.c...
creating preprocessor file for ringbuffer.c...
compiling portal.c...
creating preprocessor file for workqueue.c...
compiling ringbuffer.c...
creating preprocessor file for cmd.c...
compiling workqueue.c...
creating preprocessor file for finsh_compiler.c...
compiling cmd.c...
creating preprocessor file for finsh_error.c...
creating preprocessor file for finsh_heap.c...
compiling finsh_error.c...
compiling finsh_compiler.c...
creating preprocessor file for finsh_init.c...
compiling finsh_heap.c...
creating preprocessor file for finsh_node.c...
compiling finsh_init.c...
creating preprocessor file for finsh_ops.c...
compiling finsh_node.c...
creating preprocessor file for finsh_parser.c...
compiling finsh_ops.c...
creating preprocessor file for finsh_token.c...
compiling finsh_parser.c...
creating preprocessor file for finsh_var.c...
compiling finsh_token.c...
creating preprocessor file for finsh_vm.c...
compiling finsh_var.c...
creating preprocessor file for shell.c...
compiling finsh_vm.c...
creating preprocessor file for symbol.c...
compiling shell.c...
creating preprocessor file for components.c...
compiling symbol.c...
compiling components.c...
linking...
.\Objects\project.axf: Warning: L6340W: options first and last are ignored for link type of scattered
Program Size: Code=15836 RO-data=820 RW-data=428 ZI-data=5244  
Finished: 0 information, 1 warning and 0 error messages.
".\Objects\project.axf" - 0 Error(s), 5 Warning(s).
Build Time Elapsed:  00:00:48
</pre>
</body>
</html>
